ASxxxx Linker V03.00 + NoICE + sdld,  page 1.
Hexadecimal  [32-Bits]

Area                                    Addr        Size        Decimal Bytes (Attributes)
--------------------------------        ----        ----        ------- ----- ------------
.  .ABS.                            00000000    00000000 =           0. bytes (ABS,CON)

      Value  Global                              Global Defined In Module
      -----  --------------------------------   ------------------------
     00000000  .__.ABS.                           
     00000000  _rRAMG                             
     00000000  l__BASE                         
     00000000  l__BSS                          
     00000000  l__CABS                         
     00000000  l__CODE_0                       
     00000000  l__CRASH_HEADER                 
     00000000  l__CRASH_SCRATCH                
     00000000  l__DABS                         
     00000000  l__EHL_TRAMPOLINE               
     00000000  l__HEADER                       
     00000000  l__HEADER_LCD                   
     00000000  l__HEADER_SIO                   
     00000000  l__HEADER_TIMER                 
     00000000  l__HEAP                         
     00000000  l__HRAM                         
     00000000  l__LIT                          
     00000000  s__CABS                         
     00000000  s__CRASH_HEADER                 
     00000000  s__CRASH_HEADER0                
     00000000  s__CRASH_HEADER1                
     00000000  s__CRASH_SCRATCH                
     00000000  s__CRASH_SCRATCH2               
     00000000  s__DABS                         
     00000000  s__EHL_TRAMPOLINE               
     00000000  s__EHL_TRAMPOLINE0              
     00000000  s__HEADER                       
     00000000  s__HEADER0                      
     00000000  s__HEADER1                      
     00000000  s__HEADER10                     
     00000000  s__HEADER11                     
     00000000  s__HEADER2                      
     00000000  s__HEADER3                      
     00000000  s__HEADER4                      
     00000000  s__HEADER5                      
     00000000  s__HEADER6                      
     00000000  s__HEADER7                      
     00000000  s__HEADER8                      
     00000000  s__HEADER9                      
     00000000  s__HEADER_LCD                   
     00000000  s__HEADER_LCD0                  
     00000000  s__HEADER_SIO                   
     00000000  s__HEADER_SIO0                  
     00000000  s__HEADER_TIMER                 
     00000000  s__HEADER_TIMER0                
     00000000  s__HEADERa                      
     00000000  s__HEADERb                      
     00000000  s__HEADERc                      
     00000000  s__HEADERd                      
     00000000  s__HEADERe                      
ASxxxx Linker V03.00 + NoICE + sdld,  page 2.
Hexadecimal  [32-Bits]

Area                                    Addr        Size        Decimal Bytes (Attributes)
--------------------------------        ----        ----        ------- ----- ------------
.  .ABS.                            00000000    00000000 =           0. bytes (ABS,CON)

      Value  Global                              Global Defined In Module
      -----  --------------------------------   ------------------------
     00000000  s__HEADERf                      
     00000000  s__HRAM                         
     00000000  s__HRAM12                       
     00000001  ___bank_VM_SGB                     vm_sgb
     00000001  ___bank_actor_0_interact           actor_0_interact
     00000001  ___bank_script_input_29            script_input_29
     00000001  ___bank_script_timer_28            script_timer_28
     00000001  ___bank_trigger_229_interact       trigger_229_interact
     00000001  b_ui_draw_frame                    ui
     00000001  b_ui_draw_text_buffer_char         ui
     00000001  b_ui_init                          ui
     00000001  b_ui_load_tiles                    ui
     00000001  b_ui_run_menu                      ui
     00000001  b_ui_run_modal                     ui
     00000001  b_ui_set_start_tile                ui
     00000001  l__GSFINAL                      
     00000001  l__HEADER0                      
     00000001  l__HEADER11                     
     00000001  l__HEADER9                      
     00000001  l__HEADERa                      
     00000001  l__HEADERb                      
     00000001  l__HEADERd                      
     00000001  l__HEADERe                      
     00000002  ___bank_actor_400_interact         actor_400_interact
     00000002  ___bank_scene_108_init             scene_108_init
     00000002  ___bank_song_light_of_life_Data    song_light_of_life_Data
     00000002  l__HEADER5                      
     00000002  l__HEADERc                      
     00000002  l__HEADERf                      
     00000003  ___bank_actor_433_update           actor_433_update
     00000003  ___bank_bg_eather_overworld_1_ti   bg_eather_overworld_1_tilema
     00000003  ___bank_bg_eather_royal_courtyar   bg_eather_royal_courtyard_3_
     00000003  ___bank_scene_103_sprites          scene_103_sprites
     00000003  ___bank_script_input_32            script_input_32
     00000003  l__HEADER8                      
     00000003  l__HEADER_LCD0                  
     00000003  l__HRAM12                       
     00000004  ___bank_actor_434_update           actor_434_update
     00000004  ___bank_bg_eather_overworld_1_ti   bg_eather_overworld_1_tilema
     00000004  ___bank_bg_eather_royal_courtyar   bg_eather_royal_courtyard_3_
     00000004  ___bank_scene_136_sprites          scene_136_sprites
     00000004  ___mute_mask_sound_explosion3_wa   sound_explosion3_wav
     00000004  ___mute_mask_sound_footstep_soun   sound_footstep_sound_wav
     00000004  ___mute_mask_sound_impact_sound3   sound_impact_sound3_wav
     00000004  ___mute_mask_sound_impact_sound6   sound_impact_sound6_wav
     00000004  ___mute_mask_sound_jump_sound_wa   sound_jump_sound_wav
     00000004  ___mute_mask_sound_knocking_soun   sound_knocking_sound_p4_wav
     00000004  ___mute_mask_sound_knocking_soun   sound_knocking_sound_wav
     00000004  ___mute_mask_sound_menu_alt_soun   sound_menu_alt_sound3_wav
     00000004  ___mute_mask_sound_menu_alt_soun   sound_menu_alt_sound5_wav
     00000004  ___mute_mask_sound_switch_sound_   sound_switch_sound_wav
ASxxxx Linker V03.00 + NoICE + sdld,  page 3.
Hexadecimal  [32-Bits]

Area                                    Addr        Size        Decimal Bytes (Attributes)
--------------------------------        ----        ----        ------- ----- ------------
.  .ABS.                            00000000    00000000 =           0. bytes (ABS,CON)

      Value  Global                              Global Defined In Module
      -----  --------------------------------   ------------------------
     00000004  ___mute_mask_sound_talk_sound0_w   sound_talk_sound0_wav
     00000004  ___mute_mask_sound_talk_sound1_w   sound_talk_sound1_wav
     00000004  ___mute_mask_sound_talk_sound3_w   sound_talk_sound3_wav
     00000004  l__CRASH_HEADER1                
     00000004  l__HEADER_SIO0                  
     00000004  l__HEADER_TIMER0                
     00000005  ___bank_actor_435_update           actor_435_update
     00000005  ___bank_bg_luna_royal_courtyard2   bg_luna_royal_courtyard2_0_t
     00000005  ___bank_scene_140_sprites          scene_140_sprites
     00000005  ___bank_scene_38_collisions        scene_38_collisions
     00000005  l__CRASH_HEADER0                
     00000005  l__HEADER1                      
     00000006  ___bank_actor_252_interact         actor_252_interact
     00000006  ___bank_bg_northern_path_tilemap   bg_northern_path_tilemap_att
     00000006  ___bank_scene_71_actors            scene_71_actors
     00000006  l__HEADER7                      
     00000007  ___bank_bg_eather_overworld_2_ti   bg_eather_overworld_2_tilese
     00000007  ___bank_bg_luna_royal_courtyard2   bg_luna_royal_courtyard2_0_t
     00000007  ___bank_bg_northern_path_tilemap   bg_northern_path_tilemap
     00000007  ___bank_scene_144_init             scene_144_init
     00000007  l__HEADER2                      
     00000008  ___bank_bg_jem_s_home_tileset      bg_jem_s_home_tileset
     00000008  ___bank_bg_luna_royal_courtyard2   bg_luna_royal_courtyard2_til
     00000008  ___bank_scene_145_init             scene_145_init
     00000008  ___bank_scene_65_collisions        scene_65_collisions
     00000008  ___mute_mask_sound_legacy_0        sound_legacy_0
     00000008  l__HEADER3                      
     00000009  ___bank_bg_computer_background_t   bg_computer_background_tiles
     00000009  ___bank_bg_luna_royal_courtyard2   bg_luna_royal_courtyard2_til
     00000009  ___bank_scene_0_collisions         scene_0_collisions
     00000009  ___bank_script_timer_30            script_timer_30
     0000000A  ___bank_bg_a_unknown_menu_tilese   bg_a_unknown_menu_tileset
     0000000A  ___bank_scene_73_collisions        scene_73_collisions
     0000000A  ___bank_scene_9_collisions         scene_9_collisions
     0000000A  ___bank_sprite_speed_selection     sprite_speed_selection
     0000000B  ___bank_bg_luna_overworld_0b_cop   bg_luna_overworld_0b_copy_ti
     0000000B  ___bank_bg_luna_overworld_0b_cop   bg_luna_overworld_0b_copy_ti
     0000000B  ___bank_font_gbs_mono              font_gbs_mono
     0000000B  ___bank_scene_14_init              scene_14_init
     0000000C  ___bank_bg_luna_jem_s_garden_til   bg_luna_jem_s_garden_tilemap
     0000000C  ___bank_bg_luna_overworld_0b_til   bg_luna_overworld_0b_tilemap
     0000000C  ___bank_bg_luna_overworld_0b_til   bg_luna_overworld_0b_tilemap
     0000000C  ___bank_frame_image                frame_image
     0000000D  ___bank_bg_luna_jem_s_garden_til   bg_luna_jem_s_garden_tilemap
     0000000D  ___bank_scene_39_init              scene_39_init
     0000000D  ___bank_scene_63_collisions        scene_63_collisions
     0000000D  ___bank_scene_89_collisions        scene_89_collisions
     0000000E  ___bank_bg_splash_tileset          bg_splash_tileset
     0000000E  ___bank_scene_118_init             scene_118_init
     0000000E  ___bank_script_timer_24            script_timer_24
     0000000E  ___bank_sound_impact_sound3_wav    sound_impact_sound3_wav
ASxxxx Linker V03.00 + NoICE + sdld,  page 4.
Hexadecimal  [32-Bits]

Area                                    Addr        Size        Decimal Bytes (Attributes)
--------------------------------        ----        ----        ------- ----- ------------
.  .ABS.                            00000000    00000000 =           0. bytes (ABS,CON)

      Value  Global                              Global Defined In Module
      -----  --------------------------------   ------------------------
     0000000F  ___bank_ACTOR                      actor
     0000000F  ___bank_bg_temporal_light_backgr   bg_temporal_light_backgroun_
     0000000F  ___bank_sound_explosion3_wav       sound_explosion3_wav
     0000000F  b_activate_actor                   actor
     0000000F  b_activate_actors_in_col           actor
     0000000F  b_activate_actors_in_row           actor
     0000000F  b_actor_at_tile                    actor
     0000000F  b_actor_get_frame_offset           actor
     0000000F  b_actor_in_front_of_player         actor
     0000000F  b_actor_overlapping_bb             actor
     0000000F  b_actor_overlapping_player         actor
     0000000F  b_actor_set_anim_idle              actor
     0000000F  b_actor_set_anim_moving            actor
     0000000F  b_actor_set_dir                    actor
     0000000F  b_actor_set_frame_offset           actor
     0000000F  b_actor_set_frames                 actor
     0000000F  b_actors_handle_player_collision   actor
     0000000F  b_actors_init                      actor
     0000000F  b_check_collision_in_direction     actor
     0000000F  b_deactivate_actor                 actor
     0000000F  b_parallax_init                    parallax
     0000000F  b_player_init                      actor
     00000010  ___bank_actor_497_interact         actor_497_interact
     00000010  ___bank_bg_intro_interior_tilema   bg_intro_interior_tilemap
     00000010  ___bank_bg_intro_interior_tilema   bg_intro_interior_tilemap_at
     00000010  ___bank_sprite_swordattack         sprite_swordattack
     00000011  ___bank_VM_ACTOR                   vm_actor
     00000011  ___bank_actor_115_interact         actor_115_interact
     00000011  ___bank_bg_warning_interior_tile   bg_warning_interior_tilemap
     00000011  ___bank_bg_warning_interior_tile   bg_warning_interior_tilemap_
     00000011  ___bank_scene_15_sprites           scene_15_sprites
     00000011  b_vm_actor_activate                vm_actor
     00000011  b_vm_actor_deactivate              vm_actor
     00000011  b_vm_actor_emote                   vm_actor
     00000011  b_vm_actor_get_angle               vm_actor
     00000011  b_vm_actor_get_anim_frame          vm_actor
     00000011  b_vm_actor_get_dir                 vm_actor
     00000011  b_vm_actor_get_pos                 vm_actor
     00000011  b_vm_actor_move_cancel             vm_actor
     00000011  b_vm_actor_move_to                 vm_actor
     00000011  b_vm_actor_replace_tile            vm_actor
     00000011  b_vm_actor_set_anim                vm_actor
     00000011  b_vm_actor_set_anim_frame          vm_actor
     00000011  b_vm_actor_set_anim_set            vm_actor
     00000011  b_vm_actor_set_anim_tick           vm_actor
     00000011  b_vm_actor_set_bounds              vm_actor
     00000011  b_vm_actor_set_dir                 vm_actor
     00000011  b_vm_actor_set_flags               vm_actor
     00000011  b_vm_actor_set_move_speed          vm_actor
     00000011  b_vm_actor_set_pos                 vm_actor
     00000011  b_vm_actor_set_spritesheet         vm_actor
ASxxxx Linker V03.00 + NoICE + sdld,  page 5.
Hexadecimal  [32-Bits]

Area                                    Addr        Size        Decimal Bytes (Attributes)
--------------------------------        ----        ----        ------- ----- ------------
.  .ABS.                            00000000    00000000 =           0. bytes (ABS,CON)

      Value  Global                              Global Defined In Module
      -----  --------------------------------   ------------------------
     00000011  b_vm_actor_set_spritesheet_by_re   vm_actor
     00000011  b_vm_actor_terminate_update        vm_actor
     00000011  l__EHL_TRAMPOLINE0              
     00000012  ___bank_bg_intro_exterior_tilema   bg_intro_exterior_tilemap_at
     00000012  ___bank_scene_108_sprites          scene_108_sprites
     00000012  ___bank_scene_45_collisions        scene_45_collisions
     00000012  ___bank_scene_83_collisions        scene_83_collisions
     00000012  ___bank_script_timer_29            script_timer_29
     00000013  ___bank_bg_intro_exterior_tilema   bg_intro_exterior_tilemap
     00000013  ___bank_bg_jems_house_basement_o   bg_jems_house_basement_open_
     00000013  ___bank_scene_131_sprites          scene_131_sprites
     00000013  ___bank_scene_46_collisions        scene_46_collisions
     00000013  ___bank_scene_84_collisions        scene_84_collisions
     00000014  ___bank_actor_546_interact         actor_546_interact
     00000014  ___bank_bg_luna_tranquility_wate   bg_luna_tranquility_waterfr_
     00000014  ___bank_bg_luna_tranquility_wate   bg_luna_tranquility_waterfr_
     00000014  ___bank_scene_70_collisions        scene_70_collisions
     00000014  ___bank_script_8                   script_8
     00000015  ___bank_song_adventure_music_Dat   song_adventure_music_Data
     00000015  ___bank_song_eather_overworld_0_   song_eather_overworld_0_Data
     00000015  ___bank_song_lunabound2_Data       song_lunabound2_Data
     00000015  ___bank_sprite_intrepid_flyer      sprite_intrepid_flyer
     00000015  b_platform_init                    platform
     00000015  b_platform_update                  platform
     00000016  ___bank_bg_east_courtyard_connec   bg_east_courtyard_connectio_
     00000016  ___bank_bg_east_courtyard_connec   bg_east_courtyard_connectio_
     00000016  ___bank_scene_141_sprites          scene_141_sprites
     00000016  ___bank_song_eatherbound_Data      song_eatherbound_Data
     00000016  ___bank_trigger_164_interact       trigger_164_interact
     00000017  ___bank_actor_172_interact         actor_172_interact
     00000017  ___bank_bg_the_intrepid_flyer_in   bg_the_intrepid_flyer_inter_
     00000017  ___bank_bg_west_courtyard_connec   bg_west_courtyard_connectio_
     00000017  ___bank_bg_west_courtyard_connec   bg_west_courtyard_connectio_
     00000017  ___bank_scene_24_collisions        scene_24_collisions
     00000018  ___bank_VM_MAIN                    vm
     00000018  ___bank_actor_100_interact         actor_100_interact
     00000018  ___bank_bg_eather_spaceport_tile   bg_eather_spaceport_tilemap_
     00000018  ___bank_bg_luna_royal_courtyard_   bg_luna_royal_courtyard_0_ti
     00000018  ___bank_scene_33_collisions        scene_33_collisions
     00000018  b_script_detach_hthread            vm
     00000018  b_script_execute                   vm
     00000018  b_script_runner_init               vm
     00000018  b_script_terminate                 vm
     00000018  b_vm_call                          vm
     00000018  b_vm_call_far                      vm
     00000018  b_vm_get_indirect                  vm
     00000018  b_vm_get_int16                     vm
     00000018  b_vm_get_int8                      vm
     00000018  b_vm_get_tlocal                    vm
     00000018  b_vm_get_uint8                     vm
     00000018  b_vm_idle                          vm
ASxxxx Linker V03.00 + NoICE + sdld,  page 6.
Hexadecimal  [32-Bits]

Area                                    Addr        Size        Decimal Bytes (Attributes)
--------------------------------        ----        ----        ------- ----- ------------
.  .ABS.                            00000000    00000000 =           0. bytes (ABS,CON)

      Value  Global                              Global Defined In Module
      -----  --------------------------------   ------------------------
     00000018  b_vm_if                            vm
     00000018  b_vm_if_const                      vm
     00000018  b_vm_init_rng                      vm
     00000018  b_vm_invoke                        vm
     00000018  b_vm_join                          vm
     00000018  b_vm_jump                          vm
     00000018  b_vm_lock                          vm
     00000018  b_vm_loop                          vm
     00000018  b_vm_memcpy                        vm
     00000018  b_vm_memset                        vm
     00000018  b_vm_poll_loaded                   vm
     00000018  b_vm_pop                           vm
     00000018  b_vm_push                          vm
     00000018  b_vm_push_reference                vm
     00000018  b_vm_push_value                    vm
     00000018  b_vm_push_value_ind                vm
     00000018  b_vm_raise                         vm
     00000018  b_vm_rand                          vm
     00000018  b_vm_reserve                       vm
     00000018  b_vm_ret                           vm
     00000018  b_vm_ret_far                       vm
     00000018  b_vm_set                           vm
     00000018  b_vm_set_const                     vm
     00000018  b_vm_set_const_int16               vm
     00000018  b_vm_set_const_int8                vm
     00000018  b_vm_set_indirect                  vm
     00000018  b_vm_set_int16                     vm
     00000018  b_vm_set_int8                      vm
     00000018  b_vm_set_uint8                     vm
     00000018  b_vm_terminate                     vm
     00000018  b_vm_test_terminate                vm
     00000018  b_vm_unlock                        vm
     00000018  b_wait_frames                      vm
     00000019  ___bank_bg_eather_spaceport_tile   bg_eather_spaceport_tilemap
     00000019  ___bank_bg_magic_school_security   bg_magic_school_security_ch_
     00000019  ___bank_scene_49_collisions        scene_49_collisions
     00000019  ___bank_sound_menu_alt_sound3_wa   sound_menu_alt_sound3_wav
     00000019  ___bank_sound_switch_sound_wav     sound_switch_sound_wav
     00000019  l__INITIALIZED                  
     00000019  l__INITIALIZER                  
     0000001A  ___bank_bg_luna_royal_courtyard_   bg_luna_royal_courtyard_tile
     0000001A  ___bank_bg_luna_royal_courtyard_   bg_luna_royal_courtyard_tile
     0000001A  ___bank_cursor_image               cursor_image
     0000001A  ___bank_scene_64_collisions        scene_64_collisions
     0000001A  ___bank_scene_8_collisions         scene_8_collisions
     0000001A  ___bank_trigger_133_interact       trigger_133_interact
     0000001B  ___bank_bg_eather_overworld_0_ti   bg_eather_overworld_0_tilema
     0000001B  ___bank_bg_eather_overworld_0_ti   bg_eather_overworld_0_tilema
     0000001B  ___bank_bg_eather_overworld_2_ti   bg_eather_overworld_2_tilema
     0000001B  ___bank_bg_eather_overworld_2_ti   bg_eather_overworld_2_tilema
     0000001B  ___bank_bg_luna_jem_s_garden_til   bg_luna_jem_s_garden_tileset
ASxxxx Linker V03.00 + NoICE + sdld,  page 7.
Hexadecimal  [32-Bits]

Area                                    Addr        Size        Decimal Bytes (Attributes)
--------------------------------        ----        ----        ------- ----- ------------
.  .ABS.                            00000000    00000000 =           0. bytes (ABS,CON)

      Value  Global                              Global Defined In Module
      -----  --------------------------------   ------------------------
     0000001B  b_camera_init                      camera
     0000001B  b_camera_reset                     camera
     0000001C  ___bank_VM_UI                      vm_ui
     0000001C  ___bank_actor_121_update           actor_121_update
     0000001C  ___bank_bg_luna_tranquility_acce   bg_luna_tranquility_access_t
     0000001C  ___bank_bg_luna_tranquility_acce   bg_luna_tranquility_access_t
     0000001C  ___bank_bg_magic_school_f1_tilem   bg_magic_school_f1_tilemap
     0000001C  ___bank_bg_magic_school_f1_tilem   bg_magic_school_f1_tilemap_a
     0000001C  b_vm_choice                        vm_ui
     0000001C  b_vm_display_text                  vm_ui
     0000001C  b_vm_overlay_clear                 vm_ui
     0000001C  b_vm_overlay_move_to               vm_ui
     0000001C  b_vm_overlay_scroll                vm_ui
     0000001C  b_vm_overlay_set_map               vm_ui
     0000001C  b_vm_overlay_set_scroll            vm_ui
     0000001C  b_vm_overlay_set_submap            vm_ui
     0000001C  b_vm_overlay_set_submap_ex         vm_ui
     0000001C  b_vm_overlay_setpos                vm_ui
     0000001C  b_vm_overlay_show                  vm_ui
     0000001C  b_vm_overlay_wait                  vm_ui
     0000001C  b_vm_set_font                      vm_ui
     0000001C  b_vm_set_text_sound                vm_ui
     0000001C  b_vm_switch_text_layer             vm_ui
     0000001D  ___bank_bg_luna_first_expansion_   bg_luna_first_expansion_map_
     0000001D  ___bank_scene_32_collisions        scene_32_collisions
     0000001D  ___bank_scene_37_collisions        scene_37_collisions
     0000001D  ___bank_scene_39_collisions        scene_39_collisions
     0000001D  ___bank_scene_80_collisions        scene_80_collisions
     0000001D  ___bank_script_timer_32            script_timer_32
     0000001E  ___bank_bg_the_intrepid_flyer_in   bg_the_intrepid_flyer_inter_
     0000001E  ___bank_bg_title_tileset           bg_title_tileset
     0000001E  ___bank_scene_74_collisions        scene_74_collisions
     0000001E  ___bank_scene_79_collisions        scene_79_collisions
     0000001E  b_do_load_palette                  data_manager
     0000001E  b_load_background                  data_manager
     0000001E  b_load_bkg_tileset                 data_manager
     0000001E  b_load_bounds                      data_manager
     0000001E  b_load_emote                       data_manager
     0000001E  b_load_init                        data_manager
     0000001E  b_load_player                      data_manager
     0000001E  b_load_scene                       data_manager
     0000001E  b_load_sprite                      data_manager
     0000001F  ___bank_bg_item_menu_tileset       bg_item_menu_tileset
     0000001F  ___bank_bg_luna_village_enteranc   bg_luna_village_enterance_ti
     0000001F  ___bank_bg_luna_village_enteranc   bg_luna_village_enterance_ti
     0000001F  ___bank_scene_26_init              scene_26_init
     0000001F  ___bank_scene_69_collisions        scene_69_collisions
     0000001F  ___bank_sound_jump_sound_wav       sound_jump_sound_wav
     00000020  ___bank_SGB_border_chr             border
     00000020  ___bank_SGB_border_map             border
     00000020  ___bank_SGB_border_pal             border
ASxxxx Linker V03.00 + NoICE + sdld,  page 8.
Hexadecimal  [32-Bits]

Area                                    Addr        Size        Decimal Bytes (Attributes)
--------------------------------        ----        ----        ------- ----- ------------
.  .ABS.                            00000000    00000000 =           0. bytes (ABS,CON)

      Value  Global                              Global Defined In Module
      -----  --------------------------------   ------------------------
     00000020  ___bank_bg_luna_overworld_0b_cop   bg_luna_overworld_0b_copy_ti
     00000020  ___bank_bg_luna_palace_throne_be   bg_luna_palace_throne_bedro_
     00000020  ___bank_bg_wolfsbane_castle_tile   bg_wolfsbane_castle_tileset
     00000020  ___bank_scene_142_sprites          scene_142_sprites
     00000020  ___bank_scene_82_init              scene_82_init
     00000020  ___bank_song_featherfire_ember_D   song_featherfire_ember_Data
     00000021  ___bank_actor_398_interact         actor_398_interact
     00000021  ___bank_bg_eather_overworld_1_ti   bg_eather_overworld_1_tilese
     00000021  ___bank_bg_luna_overworld_0_tile   bg_luna_overworld_0_tileset
     00000021  ___bank_bg_school_of_magic_f1_ti   bg_school_of_magic_f1_tilese
     00000021  ___bank_bg_sea_of_serenity_water   bg_sea_of_serenity_waterfro_
     00000021  ___bank_sound_knocking_sound_wav   sound_knocking_sound_wav
     00000021  b_SIO_init                         sio
     00000022  ___bank_actor_1_interact           actor_1_interact
     00000022  ___bank_bg_load_game_background_   bg_load_game_background_tile
     00000022  ___bank_bg_luna_first_visit_map_   bg_luna_first_visit_map_tile
     00000022  ___bank_bg_luna_overworld_0a_til   bg_luna_overworld_0a_tileset
     00000022  ___bank_bg_luna_overworld_3a_til   bg_luna_overworld_3a_tileset
     00000022  ___bank_bg_luna_tranquility_wate   bg_luna_tranquility_waterfr_
     00000022  ___bank_scene_105_init             scene_105_init
     00000022  ___bank_sound_talk_sound0_wav      sound_talk_sound0_wav
     00000023  ___bank_VM_GAMEBOY                 vm_gameboy
     00000023  ___bank_bg_lights_library_0_tile   bg_lights_library_0_tilemap
     00000023  ___bank_bg_lights_library_0_tile   bg_lights_library_0_tilemap_
     00000023  ___bank_bg_lights_library_tilema   bg_lights_library_tilemap
     00000023  ___bank_bg_lights_library_tilema   bg_lights_library_tilemap_at
     00000023  ___bank_scene_30_collisions        scene_30_collisions
     00000023  ___bank_scene_78_collisions        scene_78_collisions
     00000023  b_vm_context_prepare               vm_gameboy
     00000023  b_vm_fade                          vm_gameboy
     00000023  b_vm_get_tile_xy                   vm_gameboy
     00000023  b_vm_input_attach                  vm_gameboy
     00000023  b_vm_input_detach                  vm_gameboy
     00000023  b_vm_input_get                     vm_gameboy
     00000023  b_vm_input_wait                    vm_gameboy
     00000023  b_vm_load_tiles                    vm_gameboy
     00000023  b_vm_load_tileset                  vm_gameboy
     00000023  b_vm_poll                          vm_gameboy
     00000023  b_vm_replace_tile                  vm_gameboy
     00000023  b_vm_replace_tile_xy               vm_gameboy
     00000023  b_vm_rumble                        vm_gameboy
     00000023  b_vm_set_sprite_mode               vm_gameboy
     00000023  b_vm_set_sprites_visible           vm_gameboy
     00000023  b_vm_timer_prepare                 vm_gameboy
     00000023  b_vm_timer_reset                   vm_gameboy
     00000023  b_vm_timer_set                     vm_gameboy
     00000023  b_vm_timer_stop                    vm_gameboy
     00000024  ___bank_bg_credits_1_tilemap       bg_credits_1_tilemap
     00000024  ___bank_bg_credits_1_tilemap_att   bg_credits_1_tilemap_attr
     00000024  ___bank_bg_rpg_level1_tilemap      bg_rpg_level1_tilemap
     00000024  ___bank_bg_rpg_level1_tilemap_at   bg_rpg_level1_tilemap_attr
ASxxxx Linker V03.00 + NoICE + sdld,  page 9.
Hexadecimal  [32-Bits]

Area                                    Addr        Size        Decimal Bytes (Attributes)
--------------------------------        ----        ----        ------- ----- ------------
.  .ABS.                            00000000    00000000 =           0. bytes (ABS,CON)

      Value  Global                              Global Defined In Module
      -----  --------------------------------   ------------------------
     00000024  ___bank_scene_143_sprites          scene_143_sprites
     00000024  ___bank_scene_19_collisions        scene_19_collisions
     00000024  ___bank_scene_90_collisions        scene_90_collisions
     00000024  b_topdown_init                     topdown
     00000024  b_topdown_update                   topdown
     00000025  ___bank_bg_peryils_home_tileset    bg_peryils_home_tileset
     00000025  ___bank_scene_91_collisions        scene_91_collisions
     00000025  ___bank_scene_93_collisions        scene_93_collisions
     00000025  ___bank_scene_94_collisions        scene_94_collisions
     00000025  ___bank_scene_97_collisions        scene_97_collisions
     00000025  ___bank_scene_98_collisions        scene_98_collisions
     00000025  b_scroll_init                      scroll
     00000025  b_scroll_repaint                   scroll
     00000025  b_scroll_reset                     scroll
     00000025  b_scroll_update                    scroll
     00000026  ___bank_bg_jems_house_basement_o   bg_jems_house_basement_open_
     00000026  ___bank_bg_jems_house_basement_o   bg_jems_house_basement_open_
     00000026  ___bank_bg_jems_house_basement_t   bg_jems_house_basement_tilem
     00000026  ___bank_bg_jems_house_basement_t   bg_jems_house_basement_tilem
     00000026  ___bank_bg_luna_overworld_3_tile   bg_luna_overworld_3_tilemap_
     00000026  ___bank_bg_wolf_city_1_tileset     bg_wolf_city_1_tileset
     00000026  ___bank_scene_10_init              scene_10_init
     00000026  ___bank_trigger_14_interact        trigger_14_interact
     00000027  ___bank_actor_436_update           actor_436_update
     00000027  ___bank_bg_luna_overworld_3_tile   bg_luna_overworld_3_tilemap
     00000027  ___bank_bg_luna_overworld_3a_til   bg_luna_overworld_3a_tilemap
     00000027  ___bank_bg_luna_overworld_3a_til   bg_luna_overworld_3a_tilemap
     00000027  ___bank_bg_luna_palace_library_t   bg_luna_palace_library_tilem
     00000027  ___bank_bg_luna_palace_library_t   bg_luna_palace_library_tilem
     00000027  ___bank_bg_luna_palace_throne_ro   bg_luna_palace_throne_room_t
     00000027  ___bank_scene_12_init              scene_12_init
     00000028  ___bank_bg_luna_palace_throne_ro   bg_luna_palace_throne_room_t
     00000028  ___bank_bg_sea_of_serenity_water   bg_sea_of_serenity_waterfro_
     00000028  ___bank_bg_sea_of_serenity_water   bg_sea_of_serenity_waterfro_
     00000028  ___bank_scene_114_collisions       scene_114_collisions
     00000028  ___bank_scene_115_collisions       scene_115_collisions
     00000028  ___bank_scene_11_collisions        scene_11_collisions
     00000028  ___bank_song_sirrus_attacks_Data   song_sirrus_attacks_Data
     00000028  ___bank_trigger_17_interact        trigger_17_interact
     00000029  ___bank_bg_dark_background_tiles   bg_dark_background_tileset
     00000029  ___bank_bg_luna_overworld_0b_til   bg_luna_overworld_0b_tileset
     00000029  ___bank_bg_luna_overworld_3_tile   bg_luna_overworld_3_tileset
     00000029  ___bank_scene_13_collisions        scene_13_collisions
     00000029  ___bank_scene_66_collisions        scene_66_collisions
     00000029  ___bank_scene_67_collisions        scene_67_collisions
     00000029  ___bank_scene_68_collisions        scene_68_collisions
     00000029  ___bank_script_input_3             script_input_3
     0000002A  ___bank_bg_eather_palace_enteran   bg_eather_palace_enterance_t
     0000002A  ___bank_bg_eather_palace_enteran   bg_eather_palace_enterance_t
     0000002A  ___bank_bg_intro_exterior_tilese   bg_intro_exterior_tileset
     0000002A  ___bank_bg_lunar_palace_enteranc   bg_lunar_palace_enterance_ti
ASxxxx Linker V03.00 + NoICE + sdld,  page 10.
Hexadecimal  [32-Bits]

Area                                    Addr        Size        Decimal Bytes (Attributes)
--------------------------------        ----        ----        ------- ----- ------------
.  .ABS.                            00000000    00000000 =           0. bytes (ABS,CON)

      Value  Global                              Global Defined In Module
      -----  --------------------------------   ------------------------
     0000002A  ___bank_bg_lunar_palace_enteranc   bg_lunar_palace_enterance_ti
     0000002A  ___bank_bg_northern_path_tileset   bg_northern_path_tileset
     0000002A  ___bank_trigger_131_interact       trigger_131_interact
     0000002A  b_events_init                      events
     0000002A  b_timers_init                      events
     0000002B  ___bank_actor_461_interact         actor_461_interact
     0000002B  ___bank_bg_the_intrepid_flyer_ea   bg_the_intrepid_flyer_eathe_
     0000002B  ___bank_bg_the_intrepid_flyer_ea   bg_the_intrepid_flyer_eathe_
     0000002B  ___bank_bg_the_intrepid_flyer_in   bg_the_intrepid_flyer_inter_
     0000002B  ___bank_bg_the_intrepid_flyer_in   bg_the_intrepid_flyer_inter_
     0000002B  ___bank_bg_the_intrepid_flyer_lu   bg_the_intrepid_flyer_luna__
     0000002B  ___bank_bg_the_intrepid_flyer_lu   bg_the_intrepid_flyer_luna__
     0000002B  ___bank_scene_26_collisions        scene_26_collisions
     0000002C  ___bank_bg_luna_palace_throne_ac   bg_luna_palace_throne_acces_
     0000002C  ___bank_scene_104_init             scene_104_init
     0000002C  ___bank_scene_132_sprites          scene_132_sprites
     0000002C  ___bank_scene_42_collisions        scene_42_collisions
     0000002C  ___bank_scene_50_collisions        scene_50_collisions
     0000002C  ___bank_scene_51_collisions        scene_51_collisions
     0000002C  ___bank_scene_58_collisions        scene_58_collisions
     0000002C  ___bank_scene_71_collisions        scene_71_collisions
     0000002C  ___bank_scene_77_collisions        scene_77_collisions
     0000002D  ___bank_bg_intro_background_0_ti   bg_intro_background_0_tilese
     0000002D  ___bank_bg_lower_courtyard_conne   bg_lower_courtyard_connecti_
     0000002D  ___bank_bg_lower_courtyard_conne   bg_lower_courtyard_connecti_
     0000002D  ___bank_bg_upper_courtyard_conne   bg_upper_courtyard_connecti_
     0000002D  ___bank_bg_upper_courtyard_conne   bg_upper_courtyard_connecti_
     0000002D  ___bank_scene_148_sprites          scene_148_sprites
     0000002D  ___bank_scene_22_collisions        scene_22_collisions
     0000002D  ___bank_scene_23_collisions        scene_23_collisions
     0000002D  ___bank_script_5                   script_5
     0000002D  l__GSINIT                       
     0000002E  ___bank_bg_eather_royal_courtyar   bg_eather_royal_courtyard_3_
     0000002E  ___bank_bg_intro_interior_tilese   bg_intro_interior_tileset
     0000002E  ___bank_bg_luna_royal_courtyard2   bg_luna_royal_courtyard2_til
     0000002E  ___bank_bg_peryils_home_tilemap    bg_peryils_home_tilemap
     0000002E  ___bank_bg_peryils_home_tilemap_   bg_peryils_home_tilemap_attr
     0000002E  ___bank_scene_49_triggers          scene_49_triggers
     0000002E  ___bank_scene_75_collisions        scene_75_collisions
     0000002E  ___bank_song_distortion_mountain   song_distortion_mountain_du_
     0000002E  ___bank_trigger_272_interact       trigger_272_interact
     0000002F  ___bank_bg_credits_1_tileset       bg_credits_1_tileset
     0000002F  ___bank_bg_gameover_tileset        bg_gameover_tileset
     0000002F  ___bank_bg_jem_s_home_copy_tiles   bg_jem_s_home_copy_tileset
     0000002F  ___bank_bg_jem_s_room_tileset      bg_jem_s_room_tileset
     0000002F  ___bank_bg_jems_house_basement_t   bg_jems_house_basement_tiles
     0000002F  ___bank_bg_luna_royal_courtyard2   bg_luna_royal_courtyard2_0_t
     0000002F  ___bank_scene_133_sprites          scene_133_sprites
     0000002F  ___bank_song_unknown_wilds_Data    song_unknown_wilds_Data
     0000002F  ___bank_sound_talk_sound3_wav      sound_talk_sound3_wav
     0000002F  b_adventure_init                   adventure
ASxxxx Linker V03.00 + NoICE + sdld,  page 11.
Hexadecimal  [32-Bits]

Area                                    Addr        Size        Decimal Bytes (Attributes)
--------------------------------        ----        ----        ------- ----- ------------
.  .ABS.                            00000000    00000000 =           0. bytes (ABS,CON)

      Value  Global                              Global Defined In Module
      -----  --------------------------------   ------------------------
     0000002F  b_adventure_update                 adventure
     0000002F  b_shmup_init                       shmup
     0000002F  b_shmup_update                     shmup
     00000030  ___bank_bg_brier_s_tower_f1_tile   bg_brier_s_tower_f1_tilemap
     00000030  ___bank_bg_brier_s_tower_f1_tile   bg_brier_s_tower_f1_tilemap_
     00000030  ___bank_bg_brier_s_tower_f2_tile   bg_brier_s_tower_f2_tilemap
     00000030  ___bank_bg_brier_s_tower_f2_tile   bg_brier_s_tower_f2_tilemap_
     00000030  ___bank_bg_brier_s_tower_f3_tile   bg_brier_s_tower_f3_tilemap
     00000030  ___bank_bg_brier_s_tower_f3_tile   bg_brier_s_tower_f3_tilemap_
     00000030  ___bank_bg_luna_dungeons_tilemap   bg_luna_dungeons_tilemap
     00000030  ___bank_bg_luna_dungeons_tilemap   bg_luna_dungeons_tilemap_att
     00000030  ___bank_bg_luna_royal_courtyard_   bg_luna_royal_courtyard_0_ti
     00000030  ___bank_bg_luna_royal_courtyard_   bg_luna_royal_courtyard_tile
     00000030  ___bank_scene_136_init             scene_136_init
     00000030  l__HEADER6                      
     00000031  ___bank_bg_luna_overworld_0_tile   bg_luna_overworld_0_tilemap
     00000031  ___bank_bg_luna_overworld_0_tile   bg_luna_overworld_0_tilemap_
     00000031  ___bank_bg_luna_overworld_0a_til   bg_luna_overworld_0a_tilemap
     00000031  ___bank_bg_luna_overworld_0a_til   bg_luna_overworld_0a_tilemap
     00000031  ___bank_bg_luna_palace_throne_ac   bg_luna_palace_throne_acces_
     00000031  ___bank_bg_luna_palace_throne_ac   bg_luna_palace_throne_acces_
     00000031  ___bank_bg_magic_school_magic_cl   bg_magic_school_magic_class_
     00000031  ___bank_bg_magic_school_magic_cl   bg_magic_school_magic_class_
     00000031  ___bank_bg_magic_school_magic_cl   bg_magic_school_magic_class_
     00000031  ___bank_bg_magic_school_magic_cl   bg_magic_school_magic_class_
     00000031  ___bank_scene_19_sprites           scene_19_sprites
     00000031  ___bank_script_timer_27            script_timer_27
     00000032  ___bank_bg_a_unknown_menu          bg_a_unknown_menu
     00000032  ___bank_bg_magic_school_magic_co   bg_magic_school_magic_comba_
     00000032  ___bank_bg_magic_school_magic_co   bg_magic_school_magic_comba_
     00000032  ___bank_bg_magic_school_security   bg_magic_school_security_ch_
     00000032  ___bank_scene_21_collisions        scene_21_collisions
     00000032  ___bank_scene_25_collisions        scene_25_collisions
     00000032  ___bank_scene_29_collisions        scene_29_collisions
     00000032  ___bank_scene_34_collisions        scene_34_collisions
     00000032  ___bank_scene_35_collisions        scene_35_collisions
     00000032  ___bank_scene_36_collisions        scene_36_collisions
     00000032  ___bank_scene_57_collisions        scene_57_collisions
     00000032  ___bank_scene_59_collisions        scene_59_collisions
     00000033  ___bank_actor_2_interact           actor_2_interact
     00000033  ___bank_bg_game_menu_tileset       bg_game_menu_tileset
     00000033  ___bank_bg_jems_background_2_til   bg_jems_background_2_tileset
     00000033  ___bank_bg_lights_background_til   bg_lights_background_tileset
     00000033  ___bank_bg_throne_room_acess_2_t   bg_throne_room_acess_2_tiles
     00000033  ___bank_bg_throne_room_copy_tile   bg_throne_room_copy_tilemap
     00000033  ___bank_bg_throne_room_copy_tile   bg_throne_room_copy_tilemap_
     00000033  ___bank_bg_throne_room_tilemap_a   bg_throne_room_tilemap_attr
     00000033  ___bank_scene_100_init             scene_100_init
     00000033  ___bank_scene_51_init              scene_51_init
     00000033  ___bank_scene_60_collisions        scene_60_collisions
     00000033  ___bank_scene_62_collisions        scene_62_collisions
ASxxxx Linker V03.00 + NoICE + sdld,  page 12.
Hexadecimal  [32-Bits]

Area                                    Addr        Size        Decimal Bytes (Attributes)
--------------------------------        ----        ----        ------- ----- ------------
.  .ABS.                            00000000    00000000 =           0. bytes (ABS,CON)

      Value  Global                              Global Defined In Module
      -----  --------------------------------   ------------------------
     00000034  ___bank_bg_jem_s_home_copy_0_til   bg_jem_s_home_copy_0_tilemap
     00000034  ___bank_bg_jem_s_home_copy_0_til   bg_jem_s_home_copy_0_tilemap
     00000034  ___bank_bg_jem_s_home_copy_tilem   bg_jem_s_home_copy_tilemap
     00000034  ___bank_bg_jem_s_home_copy_tilem   bg_jem_s_home_copy_tilemap_a
     00000034  ___bank_bg_jem_s_home_tilemap_at   bg_jem_s_home_tilemap_attr
     00000034  ___bank_bg_lights_library_tilese   bg_lights_library_tileset
     00000034  ___bank_bg_throne_room_tilemap     bg_throne_room_tilemap
     00000034  ___bank_scene_100_collisions       scene_100_collisions
     00000034  ___bank_scene_10_collisions        scene_10_collisions
     00000034  ___bank_scene_12_collisions        scene_12_collisions
     00000034  ___bank_scene_27_collisions        scene_27_collisions
     00000034  ___bank_trigger_135_interact       trigger_135_interact
     00000035  ___bank_actor_204_interact         actor_204_interact
     00000035  ___bank_actor_205_interact         actor_205_interact
     00000035  ___bank_bg_eather_bathrooms_tile   bg_eather_bathrooms_tilemap
     00000035  ___bank_bg_eather_bathrooms_tile   bg_eather_bathrooms_tilemap_
     00000035  ___bank_bg_luna_palace_throne_be   bg_luna_palace_throne_bedro_
     00000035  ___bank_bg_messages_menu_tileset   bg_messages_menu_tileset
     00000035  ___bank_bg_the_intrepid_flyer_in   bg_the_intrepid_flyer_inter_
     00000035  ___bank_scene_110_collisions       scene_110_collisions
     00000035  ___bank_scene_150_sprites          scene_150_sprites
     00000035  ___bank_scene_76_collisions        scene_76_collisions
     00000035  ___bank_scene_95_collisions        scene_95_collisions
     00000035  ___bank_script_11                  script_11
     00000035  ___bank_sound_knocking_sound_p4_   sound_knocking_sound_p4_wav
     00000035  ___bank_sound_talk_sound1_wav      sound_talk_sound1_wav
     00000036  ___bank_bg_eather_royal_storage_   bg_eather_royal_storage_she_
     00000036  ___bank_bg_the_intrepid_flyer_ea   bg_the_intrepid_flyer_eathe_
     00000036  ___bank_bg_the_intrepid_flyer_lu   bg_the_intrepid_flyer_luna__
     00000036  ___bank_bg_throne_room_acess_2_t   bg_throne_room_acess_2_tilem
     00000036  ___bank_bg_throne_room_acess_2_t   bg_throne_room_acess_2_tilem
     00000036  ___bank_bg_throne_room_acess_cop   bg_throne_room_acess_copy_ti
     00000036  ___bank_bg_throne_room_acess_cop   bg_throne_room_acess_copy_ti
     00000036  ___bank_bg_throne_room_acess_til   bg_throne_room_acess_tilemap
     00000036  ___bank_bg_throne_room_acess_til   bg_throne_room_acess_tilemap
     00000036  ___bank_scene_113_actors           scene_113_actors
     00000036  ___bank_scene_20_sprites           scene_20_sprites
     00000036  ___bank_scene_28_collisions        scene_28_collisions
     00000036  ___bank_scene_41_collisions        scene_41_collisions
     00000036  ___bank_scene_72_collisions        scene_72_collisions
     00000036  ___bank_song_eather_overworld_Da   song_eather_overworld_Data
     00000036  ___bank_sound_menu_alt_sound5_wa   sound_menu_alt_sound5_wav
     00000037  ___bank_actor_132_interact         actor_132_interact
     00000037  ___bank_actor_198_interact         actor_198_interact
     00000037  ___bank_bg_contacts_tileset        bg_contacts_tileset
     00000037  ___bank_bg_eather_bathrooms_tile   bg_eather_bathrooms_tileset
     00000037  ___bank_bg_eather_overworld_0_ti   bg_eather_overworld_0_tilese
     00000037  ___bank_bg_eather_spaceport_tile   bg_eather_spaceport_tileset
     00000037  ___bank_bg_lights_library_0_tile   bg_lights_library_0_tileset
     00000037  ___bank_bg_luna_village_enteranc   bg_luna_village_enterance_ti
     00000037  ___bank_bg_settings_tileset        bg_settings_tileset
ASxxxx Linker V03.00 + NoICE + sdld,  page 13.
Hexadecimal  [32-Bits]

Area                                    Addr        Size        Decimal Bytes (Attributes)
--------------------------------        ----        ----        ------- ----- ------------
.  .ABS.                            00000000    00000000 =           0. bytes (ABS,CON)

      Value  Global                              Global Defined In Module
      -----  --------------------------------   ------------------------
     00000037  ___bank_bg_the_intrepid_flyer_in   bg_the_intrepid_flyer_inter_
     00000037  ___bank_bg_throne_room_copy_tile   bg_throne_room_copy_tileset
     00000037  ___bank_scene_25_init              scene_25_init
     00000037  ___bank_song_eather_school_Data    song_eather_school_Data
     00000037  b_core_reset                       core
     00000037  b_core_run                         core
     00000037  b_data_clear                       load_save
     00000037  b_data_init                        load_save
     00000037  b_data_load                        load_save
     00000037  b_data_peek                        load_save
     00000037  b_data_save                        load_save
     00000037  b_projectile_launch                projectiles
     00000037  b_projectiles_init                 projectiles
     00000038  ___bank_VM_SIO                     vm_sio
     00000038  ___bank_bg_lower_courtyard_conne   bg_lower_courtyard_connecti_
     00000038  ___bank_bg_luna_kitchen_tilemap    bg_luna_kitchen_tilemap
     00000038  ___bank_bg_luna_kitchen_tilemap_   bg_luna_kitchen_tilemap_attr
     00000038  ___bank_bg_magic_school_f1_tiles   bg_magic_school_f1_tileset
     00000038  ___bank_bg_magic_school_magic_cl   bg_magic_school_magic_class_
     00000038  ___bank_bg_warning_interior_tile   bg_warning_interior_tileset
     00000038  ___bank_scene_0_actors             scene_0_actors
     00000038  ___bank_scene_107_init             scene_107_init
     00000038  ___bank_scene_23_actors            scene_23_actors
     00000038  ___bank_scene_41_actors            scene_41_actors
     00000038  ___bank_scene_61_collisions        scene_61_collisions
     00000038  ___bank_scene_79_init              scene_79_init
     00000038  ___bank_sprite_ember_stationary_   sprite_ember_stationary_cop_
     00000038  ___bank_trigger_198_interact       trigger_198_interact
     00000038  b___HandleCrash_banked             
     00000038  b_gbprinter_detect                 gbprinter
     00000038  b_gbprinter_print_overlay          gbprinter
     00000038  b_pointnclick_init                 pointnclick
     00000038  b_pointnclick_update               pointnclick
     00000038  b_trigger_activate_at              trigger
     00000038  b_trigger_activate_at_intersecti   trigger
     00000038  b_trigger_at_intersection          trigger
     00000038  b_trigger_at_tile                  trigger
     00000038  b_trigger_interact                 trigger
     00000038  b_trigger_reset                    trigger
     00000038  b_vm_sio_exchange                  vm_sio
     00000038  b_vm_sio_set_mode                  vm_sio
     00000039  ___bank_actor_170_interact         actor_170_interact
     00000039  ___bank_actor_171_update           actor_171_update
     00000039  ___bank_bg_brier_s_tower_f3_tile   bg_brier_s_tower_f3_tileset
     00000039  ___bank_bg_eather_overworld_4_ti   bg_eather_overworld_4_tilema
     00000039  ___bank_bg_eather_overworld_4_ti   bg_eather_overworld_4_tilema
     00000039  ___bank_bg_eather_palace_enteran   bg_eather_palace_enterance_t
     00000039  ___bank_bg_luna_kitchen_tileset    bg_luna_kitchen_tileset
     00000039  ___bank_bg_luna_palace_throne_ac   bg_luna_palace_throne_acces_
     00000039  ___bank_bg_luna_palace_throne_ac   bg_luna_palace_throne_acces_
     00000039  ___bank_bg_messages_menu_copy_ti   bg_messages_menu_copy_tilese
ASxxxx Linker V03.00 + NoICE + sdld,  page 14.
Hexadecimal  [32-Bits]

Area                                    Addr        Size        Decimal Bytes (Attributes)
--------------------------------        ----        ----        ------- ----- ------------
.  .ABS.                            00000000    00000000 =           0. bytes (ABS,CON)

      Value  Global                              Global Defined In Module
      -----  --------------------------------   ------------------------
     00000039  ___bank_bg_rpg_instructions_tile   bg_rpg_instructions_tileset
     00000039  ___bank_bg_rug_store_tileset       bg_rug_store_tileset
     00000039  ___bank_bg_upper_courtyard_conne   bg_upper_courtyard_connecti_
     00000039  ___bank_scene_113_collisions       scene_113_collisions
     00000039  ___bank_scene_11_actors            scene_11_actors
     00000039  ___bank_scene_40_collisions        scene_40_collisions
     00000039  ___bank_scene_42_actors            scene_42_actors
     00000039  ___bank_scene_47_collisions        scene_47_collisions
     00000039  ___bank_sound_footstep_sound_wav   sound_footstep_sound_wav
     00000039  ___bank_sound_impact_sound6_wav    sound_impact_sound6_wav
     00000039  ___bank_sprite_brier_animated_ti   sprite_brier_animated_tilese
     00000039  b_fade_applypalettechange          fade_manager
     00000039  b_fade_in                          fade_manager
     00000039  b_fade_in_modal                    fade_manager
     00000039  b_fade_init                        fade_manager
     00000039  b_fade_out                         fade_manager
     00000039  b_fade_out_modal                   fade_manager
     00000039  b_fade_setspeed                    fade_manager
     00000039  b_fade_update                      fade_manager
     0000003A  ___bank_VM_CAMERA                  vm_camera
     0000003A  ___bank_actor_507_interact         actor_507_interact
     0000003A  ___bank_actor_510_interact         actor_510_interact
     0000003A  ___bank_bg_eather_royal_storage_   bg_eather_royal_storage_she_
     0000003A  ___bank_bg_eather_royal_storage_   bg_eather_royal_storage_she_
     0000003A  ___bank_bg_luna_palace_library_t   bg_luna_palace_library_tiles
     0000003A  ___bank_bg_luna_room_0_tileset     bg_luna_room_0_tileset
     0000003A  ___bank_bg_luna_tranquility_acce   bg_luna_tranquility_access_t
     0000003A  ___bank_scene_102_init             scene_102_init
     0000003A  ___bank_scene_106_init             scene_106_init
     0000003A  ___bank_scene_10_actors            scene_10_actors
     0000003A  ___bank_scene_10_sprites           scene_10_sprites
     0000003A  ___bank_scene_12_actors            scene_12_actors
     0000003A  ___bank_scene_13_actors            scene_13_actors
     0000003A  ___bank_scene_16_collisions        scene_16_collisions
     0000003A  ___bank_scene_21_actors            scene_21_actors
     0000003A  ___bank_scene_25_actors            scene_25_actors
     0000003A  ___bank_scene_27_actors            scene_27_actors
     0000003A  ___bank_scene_29_actors            scene_29_actors
     0000003A  ___bank_scene_30_init              scene_30_init
     0000003A  ___bank_scene_44_init              scene_44_init
     0000003A  ___bank_scene_96_init              scene_96_init
     0000003A  ___bank_script_3                   script_3
     0000003A  ___bank_sprite_flare_static_copy   sprite_flare_static_copy_til
     0000003A  ___bank_sprite_light_animated_ti   sprite_light_animated_tilese
     0000003A  ___bank_trigger_127_interact       trigger_127_interact
     0000003A  ___bank_trigger_268_interact       trigger_268_interact
     0000003A  b_camera_shake_frames              vm_camera
     0000003A  b_vm_camera_move_to                vm_camera
     0000003A  b_vm_camera_set_pos                vm_camera
     0000003B  ___bank_VM_PALETTE                 vm_palette
     0000003B  ___bank_actor_114_interact         actor_114_interact
ASxxxx Linker V03.00 + NoICE + sdld,  page 15.
Hexadecimal  [32-Bits]

Area                                    Addr        Size        Decimal Bytes (Attributes)
--------------------------------        ----        ----        ------- ----- ------------
.  .ABS.                            00000000    00000000 =           0. bytes (ABS,CON)

      Value  Global                              Global Defined In Module
      -----  --------------------------------   ------------------------
     0000003B  ___bank_actor_444_interact         actor_444_interact
     0000003B  ___bank_bg_brier_s_tower_f1_tile   bg_brier_s_tower_f1_tileset
     0000003B  ___bank_bg_brier_s_tower_f2_tile   bg_brier_s_tower_f2_tileset
     0000003B  ___bank_bg_ember_s_house_tileset   bg_ember_s_house_tileset
     0000003B  ___bank_bg_flare_s_room_tileset    bg_flare_s_room_tileset
     0000003B  ___bank_bg_luna_palace_throne_ro   bg_luna_palace_throne_room_t
     0000003B  ___bank_bg_lunar_palace_enteranc   bg_lunar_palace_enterance_ti
     0000003B  ___bank_bg_throne_room_acess_cop   bg_throne_room_acess_copy_ti
     0000003B  ___bank_bg_throne_room_acess_til   bg_throne_room_acess_tileset
     0000003B  ___bank_bg_throne_room_tileset     bg_throne_room_tileset
     0000003B  ___bank_scene_103_init             scene_103_init
     0000003B  ___bank_scene_117_actors           scene_117_actors
     0000003B  ___bank_scene_118_actors           scene_118_actors
     0000003B  ___bank_scene_14_actors            scene_14_actors
     0000003B  ___bank_scene_17_actors            scene_17_actors
     0000003B  ___bank_scene_22_actors            scene_22_actors
     0000003B  ___bank_scene_48_actors            scene_48_actors
     0000003B  ___bank_scene_56_actors            scene_56_actors
     0000003B  ___bank_scene_61_actors            scene_61_actors
     0000003B  ___bank_script_4                   script_4
     0000003B  ___bank_script_6                   script_6
     0000003B  ___bank_sprite_brier_animated      sprite_brier_animated
     0000003B  ___bank_sprite_ember_stationary_   sprite_ember_stationary_cop
     0000003B  ___bank_sprite_ember_stationary_   sprite_ember_stationary_tile
     0000003B  ___bank_sprite_flare_static_tile   sprite_flare_static_tileset
     0000003B  ___bank_sprite_light_animated      sprite_light_animated
     0000003B  ___bank_sprite_press_any_button_   sprite_press_any_button_to__
     0000003B  ___bank_sprite_speed_selection_t   sprite_speed_selection_tiles
     0000003B  ___bank_trigger_125_interact       trigger_125_interact
     0000003B  ___bank_trigger_151_interact       trigger_151_interact
     0000003B  b_set_sgb_border                   sgb_border
     0000003B  b_vm_load_palette                  vm_palette
     0000003C  ___bank_actor_112_interact         actor_112_interact
     0000003C  ___bank_actor_459_interact         actor_459_interact
     0000003C  ___bank_actor_505_interact         actor_505_interact
     0000003C  ___bank_actor_506_interact         actor_506_interact
     0000003C  ___bank_bg_ember_s_house_tilemap   bg_ember_s_house_tilemap
     0000003C  ___bank_bg_ember_s_house_tilemap   bg_ember_s_house_tilemap_att
     0000003C  ___bank_bg_forge_s_house_tilemap   bg_forge_s_house_tilemap
     0000003C  ___bank_bg_forge_s_house_tilemap   bg_forge_s_house_tilemap_att
     0000003C  ___bank_bg_intro_background_1_ti   bg_intro_background_1_tilese
     0000003C  ___bank_bg_luna_dungeons_tileset   bg_luna_dungeons_tileset
     0000003C  ___bank_bg_luna_room_0_tilemap     bg_luna_room_0_tilemap
     0000003C  ___bank_bg_luna_room_0_tilemap_a   bg_luna_room_0_tilemap_attr
     0000003C  ___bank_bg_magic_school_magic_co   bg_magic_school_magic_comba_
     0000003C  ___bank_bg_magic_school_security   bg_magic_school_security_ch_
     0000003C  ___bank_bg_magic_school_security   bg_magic_school_security_ch_
     0000003C  ___bank_bg_magic_school_security   bg_magic_school_security_ch_
     0000003C  ___bank_bg_magic_school_security   bg_magic_school_security_ch_
     0000003C  ___bank_scene_18_sprites           scene_18_sprites
     0000003C  ___bank_scene_28_actors            scene_28_actors
ASxxxx Linker V03.00 + NoICE + sdld,  page 16.
Hexadecimal  [32-Bits]

Area                                    Addr        Size        Decimal Bytes (Attributes)
--------------------------------        ----        ----        ------- ----- ------------
.  .ABS.                            00000000    00000000 =           0. bytes (ABS,CON)

      Value  Global                              Global Defined In Module
      -----  --------------------------------   ------------------------
     0000003C  ___bank_scene_33_actors            scene_33_actors
     0000003C  ___bank_scene_35_actors            scene_35_actors
     0000003C  ___bank_scene_39_actors            scene_39_actors
     0000003C  ___bank_scene_43_actors            scene_43_actors
     0000003C  ___bank_scene_49_actors            scene_49_actors
     0000003C  ___bank_scene_59_actors            scene_59_actors
     0000003C  ___bank_scene_7_actors             scene_7_actors
     0000003C  ___bank_scene_81_init              scene_81_init
     0000003C  ___bank_scene_91_actors            scene_91_actors
     0000003C  ___bank_scene_93_actors            scene_93_actors
     0000003C  ___bank_scene_94_actors            scene_94_actors
     0000003C  ___bank_scene_99_init              scene_99_init
     0000003C  ___bank_script_12                  script_12
     0000003C  ___bank_script_timer_31            script_timer_31
     0000003C  ___bank_sprite_flare_static        sprite_flare_static
     0000003C  ___bank_sprite_flare_static_copy   sprite_flare_static_copy
     0000003C  ___bank_sprite_number_ui_tileset   sprite_number_ui_tileset
     0000003C  ___bank_sprite_perlite_animated_   sprite_perlite_animated_tile
     0000003C  ___bank_sprite_teleporter_tilese   sprite_teleporter_tileset
     0000003C  ___bank_trigger_156_interact       trigger_156_interact
     0000003C  b_erase_flash                      
     0000003C  b_save_sram_banks                  
     0000003D  ___bank_actor_345_update           actor_345_update
     0000003D  ___bank_actor_351_update           actor_351_update
     0000003D  ___bank_actor_355_update           actor_355_update
     0000003D  ___bank_actor_356_update           actor_356_update
     0000003D  ___bank_actor_358_update           actor_358_update
     0000003D  ___bank_actor_367_update           actor_367_update
     0000003D  ___bank_actor_53_interact          actor_53_interact
     0000003D  ___bank_actor_547_interact         actor_547_interact
     0000003D  ___bank_bg_a_unknown_menu_tilema   bg_a_unknown_menu_tilemap
     0000003D  ___bank_bg_a_unknown_menu_tilema   bg_a_unknown_menu_tilemap_at
     0000003D  ___bank_bg_computer_background_t   bg_computer_background_tilem
     0000003D  ___bank_bg_contacts_tilemap        bg_contacts_tilemap
     0000003D  ___bank_bg_dark_background_tilem   bg_dark_background_tilemap
     0000003D  ___bank_bg_debug_menu_tilemap      bg_debug_menu_tilemap
     0000003D  ___bank_bg_flare_s_room_tilemap    bg_flare_s_room_tilemap
     0000003D  ___bank_bg_flare_s_room_tilemap_   bg_flare_s_room_tilemap_attr
     0000003D  ___bank_bg_game_menu_tilemap       bg_game_menu_tilemap
     0000003D  ___bank_bg_game_menu_tilemap_att   bg_game_menu_tilemap_attr
     0000003D  ___bank_bg_gameover_tilemap        bg_gameover_tilemap
     0000003D  ___bank_bg_intro_background_0_ti   bg_intro_background_0_tilema
     0000003D  ___bank_bg_rug_store_tilemap       bg_rug_store_tilemap
     0000003D  ___bank_bg_rug_store_tilemap_att   bg_rug_store_tilemap_attr
     0000003D  ___bank_scene_103_collisions       scene_103_collisions
     0000003D  ___bank_scene_114_actors           scene_114_actors
     0000003D  ___bank_scene_134_actors           scene_134_actors
     0000003D  ___bank_scene_16_actors            scene_16_actors
     0000003D  ___bank_scene_26_actors            scene_26_actors
     0000003D  ___bank_scene_30_actors            scene_30_actors
     0000003D  ___bank_scene_31_collisions        scene_31_collisions
ASxxxx Linker V03.00 + NoICE + sdld,  page 17.
Hexadecimal  [32-Bits]

Area                                    Addr        Size        Decimal Bytes (Attributes)
--------------------------------        ----        ----        ------- ----- ------------
.  .ABS.                            00000000    00000000 =           0. bytes (ABS,CON)

      Value  Global                              Global Defined In Module
      -----  --------------------------------   ------------------------
     0000003D  ___bank_scene_32_actors            scene_32_actors
     0000003D  ___bank_scene_37_actors            scene_37_actors
     0000003D  ___bank_scene_48_collisions        scene_48_collisions
     0000003D  ___bank_scene_51_actors            scene_51_actors
     0000003D  ___bank_scene_53_collisions        scene_53_collisions
     0000003D  ___bank_scene_79_actors            scene_79_actors
     0000003D  ___bank_scene_85_collisions        scene_85_collisions
     0000003D  ___bank_scene_86_collisions        scene_86_collisions
     0000003D  ___bank_scene_87_collisions        scene_87_collisions
     0000003D  ___bank_scene_88_collisions        scene_88_collisions
     0000003D  ___bank_script_input_1             script_input_1
     0000003D  ___bank_script_timer_14            script_timer_14
     0000003D  ___bank_script_timer_16            script_timer_16
     0000003D  ___bank_script_timer_6             script_timer_6
     0000003D  ___bank_script_timer_7             script_timer_7
     0000003D  ___bank_song_fanfare_Data          song_fanfare_Data
     0000003E  ___bank_actor_64_interact          actor_64_interact
     0000003E  ___bank_bg_intro_background_0_ti   bg_intro_background_0_tilema
     0000003E  ___bank_bg_intro_background_1_ti   bg_intro_background_1_tilema
     0000003E  ___bank_bg_intro_background_1_ti   bg_intro_background_1_tilema
     0000003E  ___bank_bg_item_menu_tilemap       bg_item_menu_tilemap
     0000003E  ___bank_bg_jem_s_room_tilemap      bg_jem_s_room_tilemap
     0000003E  ___bank_bg_jem_s_room_tilemap_at   bg_jem_s_room_tilemap_attr
     0000003E  ___bank_bg_jems_background_2_til   bg_jems_background_2_tilemap
     0000003E  ___bank_bg_jems_background_2_til   bg_jems_background_2_tilemap
     0000003E  ___bank_bg_lights_background_til   bg_lights_background_tilemap
     0000003E  ___bank_bg_load_game_background_   bg_load_game_background_tile
     0000003E  ___bank_bg_luna_first_expansion_   bg_luna_first_expansion_map_
     0000003E  ___bank_bg_luna_first_visit_map_   bg_luna_first_visit_map_tile
     0000003E  ___bank_bg_luna_first_visit_map_   bg_luna_first_visit_map_tile
     0000003E  ___bank_bg_messages_menu_copy_ti   bg_messages_menu_copy_tilema
     0000003E  ___bank_bg_messages_menu_copy_ti   bg_messages_menu_copy_tilema
     0000003E  ___bank_bg_messages_menu_tilemap   bg_messages_menu_tilemap
     0000003E  ___bank_bg_rpg_instructions_tile   bg_rpg_instructions_tilemap
     0000003E  ___bank_bg_school_of_magic_f1_ti   bg_school_of_magic_f1_tilema
     0000003E  ___bank_bg_settings_tilemap        bg_settings_tilemap
     0000003E  ___bank_bg_temporal_light_backgr   bg_temporal_light_backgroun_
     0000003E  ___bank_bg_title_tilemap           bg_title_tilemap
     0000003E  ___bank_bg_wolf_city_1_tilemap     bg_wolf_city_1_tilemap
     0000003E  ___bank_bg_wolfsbane_castle_tile   bg_wolfsbane_castle_tilemap
     0000003E  ___bank_bg_wolfsbane_castle_tile   bg_wolfsbane_castle_tilemap_
     0000003E  ___bank_scene_101_collisions       scene_101_collisions
     0000003E  ___bank_scene_102_collisions       scene_102_collisions
     0000003E  ___bank_scene_104_collisions       scene_104_collisions
     0000003E  ___bank_scene_105_collisions       scene_105_collisions
     0000003E  ___bank_scene_106_collisions       scene_106_collisions
     0000003E  ___bank_scene_107_collisions       scene_107_collisions
     0000003E  ___bank_scene_108_collisions       scene_108_collisions
     0000003E  ___bank_scene_109_collisions       scene_109_collisions
     0000003E  ___bank_scene_111_collisions       scene_111_collisions
     0000003E  ___bank_scene_112_collisions       scene_112_collisions
ASxxxx Linker V03.00 + NoICE + sdld,  page 18.
Hexadecimal  [32-Bits]

Area                                    Addr        Size        Decimal Bytes (Attributes)
--------------------------------        ----        ----        ------- ----- ------------
.  .ABS.                            00000000    00000000 =           0. bytes (ABS,CON)

      Value  Global                              Global Defined In Module
      -----  --------------------------------   ------------------------
     0000003E  ___bank_scene_116_collisions       scene_116_collisions
     0000003E  ___bank_scene_117_collisions       scene_117_collisions
     0000003E  ___bank_scene_118_collisions       scene_118_collisions
     0000003E  ___bank_scene_119_collisions       scene_119_collisions
     0000003E  ___bank_scene_120_collisions       scene_120_collisions
     0000003E  ___bank_scene_121_collisions       scene_121_collisions
     0000003E  ___bank_scene_122_collisions       scene_122_collisions
     0000003E  ___bank_scene_123_collisions       scene_123_collisions
     0000003E  ___bank_scene_124_collisions       scene_124_collisions
     0000003E  ___bank_scene_125_collisions       scene_125_collisions
     0000003E  ___bank_scene_1_collisions         scene_1_collisions
     0000003F  ___bank_actor_65_interact          actor_65_interact
     0000003F  ___bank_scene_126_collisions       scene_126_collisions
     0000003F  ___bank_scene_127_collisions       scene_127_collisions
     0000003F  ___bank_scene_128_collisions       scene_128_collisions
     0000003F  ___bank_scene_129_collisions       scene_129_collisions
     0000003F  ___bank_scene_130_collisions       scene_130_collisions
     0000003F  ___bank_scene_131_collisions       scene_131_collisions
     0000003F  ___bank_scene_132_collisions       scene_132_collisions
     0000003F  ___bank_scene_133_collisions       scene_133_collisions
     0000003F  ___bank_scene_134_collisions       scene_134_collisions
     0000003F  ___bank_scene_135_collisions       scene_135_collisions
     0000003F  ___bank_scene_136_collisions       scene_136_collisions
     0000003F  ___bank_scene_137_collisions       scene_137_collisions
     0000003F  ___bank_scene_138_collisions       scene_138_collisions
     0000003F  ___bank_scene_139_collisions       scene_139_collisions
     0000003F  ___bank_scene_140_collisions       scene_140_collisions
     0000003F  ___bank_scene_141_collisions       scene_141_collisions
     0000003F  ___bank_scene_142_collisions       scene_142_collisions
     0000003F  ___bank_scene_143_collisions       scene_143_collisions
     0000003F  ___bank_scene_144_collisions       scene_144_collisions
     0000003F  ___bank_scene_145_collisions       scene_145_collisions
     0000003F  ___bank_scene_146_collisions       scene_146_collisions
     0000003F  ___bank_scene_147_collisions       scene_147_collisions
     0000003F  ___bank_scene_148_collisions       scene_148_collisions
     0000003F  ___bank_scene_149_collisions       scene_149_collisions
     0000003F  ___bank_scene_14_collisions        scene_14_collisions
     0000003F  ___bank_scene_150_collisions       scene_150_collisions
     0000003F  ___bank_scene_15_collisions        scene_15_collisions
     0000003F  ___bank_scene_17_collisions        scene_17_collisions
     0000003F  ___bank_scene_18_collisions        scene_18_collisions
     0000003F  ___bank_scene_20_collisions        scene_20_collisions
     0000003F  ___bank_scene_2_collisions         scene_2_collisions
     0000003F  ___bank_scene_3_collisions         scene_3_collisions
     0000003F  ___bank_scene_43_collisions        scene_43_collisions
     0000003F  ___bank_scene_44_collisions        scene_44_collisions
     0000003F  ___bank_scene_4_collisions         scene_4_collisions
     0000003F  ___bank_scene_52_collisions        scene_52_collisions
     0000003F  ___bank_scene_54_collisions        scene_54_collisions
     0000003F  ___bank_scene_55_collisions        scene_55_collisions
     0000003F  ___bank_scene_56_collisions        scene_56_collisions
ASxxxx Linker V03.00 + NoICE + sdld,  page 19.
Hexadecimal  [32-Bits]

Area                                    Addr        Size        Decimal Bytes (Attributes)
--------------------------------        ----        ----        ------- ----- ------------
.  .ABS.                            00000000    00000000 =           0. bytes (ABS,CON)

      Value  Global                              Global Defined In Module
      -----  --------------------------------   ------------------------
     0000003F  ___bank_scene_6_collisions         scene_6_collisions
     0000003F  ___bank_scene_7_collisions         scene_7_collisions
     0000003F  ___bank_scene_81_collisions        scene_81_collisions
     0000003F  ___bank_scene_82_collisions        scene_82_collisions
     0000003F  ___bank_scene_92_collisions        scene_92_collisions
     0000003F  ___bank_scene_96_collisions        scene_96_collisions
     00000040  ___bank_actor_118_update           actor_118_update
     00000040  ___bank_actor_122_update           actor_122_update
     00000040  ___bank_actor_12_update            actor_12_update
     00000040  ___bank_actor_146_update           actor_146_update
     00000040  ___bank_actor_150_update           actor_150_update
     00000040  ___bank_actor_175_update           actor_175_update
     00000040  ___bank_actor_17_update            actor_17_update
     00000040  ___bank_actor_196_update           actor_196_update
     00000040  ___bank_actor_208_update           actor_208_update
     00000040  ___bank_actor_20_update            actor_20_update
     00000040  ___bank_actor_212_update           actor_212_update
     00000040  ___bank_actor_216_update           actor_216_update
     00000040  ___bank_actor_220_update           actor_220_update
     00000040  ___bank_actor_225_update           actor_225_update
     00000040  ___bank_actor_235_update           actor_235_update
     00000040  ___bank_actor_239_update           actor_239_update
     00000040  ___bank_actor_25_update            actor_25_update
     00000040  ___bank_actor_268_update           actor_268_update
     00000040  ___bank_actor_272_update           actor_272_update
     00000040  ___bank_actor_278_update           actor_278_update
     00000040  ___bank_actor_279_update           actor_279_update
     00000040  ___bank_actor_287_update           actor_287_update
     00000040  ___bank_actor_28_update            actor_28_update
     00000040  ___bank_actor_299_update           actor_299_update
     00000040  ___bank_actor_332_update           actor_332_update
     00000040  ___bank_actor_336_update           actor_336_update
     00000040  ___bank_actor_340_update           actor_340_update
     00000040  ___bank_actor_348_update           actor_348_update
     00000040  ___bank_actor_354_update           actor_354_update
     00000040  ___bank_actor_361_update           actor_361_update
     00000040  ___bank_actor_365_update           actor_365_update
     00000040  ___bank_actor_370_update           actor_370_update
     00000040  ___bank_actor_374_update           actor_374_update
     00000040  ___bank_actor_380_update           actor_380_update
     00000040  ___bank_actor_381_update           actor_381_update
     00000040  ___bank_actor_386_update           actor_386_update
     00000040  ___bank_actor_390_update           actor_390_update
     00000040  ___bank_actor_408_update           actor_408_update
     00000040  ___bank_actor_414_update           actor_414_update
     00000040  ___bank_actor_419_update           actor_419_update
     00000040  ___bank_actor_425_update           actor_425_update
     00000040  ___bank_avatar_font_0              avatar_font_0
     00000040  ___bank_bg_west_courtyard_connec   bg_west_courtyard_connectio_
     00000040  ___bank_scene_99_collisions        scene_99_collisions
     00000040  ___bank_sprite_book_tileset        sprite_book_tileset
ASxxxx Linker V03.00 + NoICE + sdld,  page 20.
Hexadecimal  [32-Bits]

Area                                    Addr        Size        Decimal Bytes (Attributes)
--------------------------------        ----        ----        ------- ----- ------------
.  .ABS.                            00000000    00000000 =           0. bytes (ABS,CON)

      Value  Global                              Global Defined In Module
      -----  --------------------------------   ------------------------
     00000040  ___bank_sprite_flare_static_copy   sprite_flare_static_copy_0_t
     00000040  ___bank_trigger_100_interact       trigger_100_interact
     00000040  ___bank_trigger_132_interact       trigger_132_interact
     00000040  ___bank_trigger_192_interact       trigger_192_interact
     00000040  ___bank_trigger_99_interact        trigger_99_interact
     00000041  ___bank_VM_MATH                    vm_math
     00000041  ___bank_VM_MUSIC                   vm_music
     00000041  ___bank_actor_399_interact         actor_399_interact
     00000041  ___bank_actor_430_update           actor_430_update
     00000041  ___bank_actor_480_update           actor_480_update
     00000041  ___bank_actor_482_update           actor_482_update
     00000041  ___bank_actor_486_update           actor_486_update
     00000041  ___bank_actor_48_update            actor_48_update
     00000041  ___bank_actor_490_update           actor_490_update
     00000041  ___bank_actor_494_update           actor_494_update
     00000041  ___bank_actor_517_update           actor_517_update
     00000041  ___bank_actor_51_update            actor_51_update
     00000041  ___bank_actor_524_update           actor_524_update
     00000041  ___bank_actor_525_update           actor_525_update
     00000041  ___bank_actor_569_update           actor_569_update
     00000041  ___bank_actor_56_update            actor_56_update
     00000041  ___bank_actor_572_update           actor_572_update
     00000041  ___bank_actor_576_update           actor_576_update
     00000041  ___bank_actor_580_update           actor_580_update
     00000041  ___bank_actor_584_update           actor_584_update
     00000041  ___bank_actor_588_update           actor_588_update
     00000041  ___bank_actor_592_update           actor_592_update
     00000041  ___bank_actor_596_update           actor_596_update
     00000041  ___bank_actor_600_update           actor_600_update
     00000041  ___bank_actor_606_update           actor_606_update
     00000041  ___bank_actor_608_update           actor_608_update
     00000041  ___bank_actor_612_update           actor_612_update
     00000041  ___bank_actor_616_update           actor_616_update
     00000041  ___bank_actor_620_update           actor_620_update
     00000041  ___bank_actor_624_update           actor_624_update
     00000041  ___bank_actor_628_update           actor_628_update
     00000041  ___bank_actor_631_update           actor_631_update
     00000041  ___bank_actor_637_update           actor_637_update
     00000041  ___bank_actor_641_update           actor_641_update
     00000041  ___bank_actor_644_update           actor_644_update
     00000041  ___bank_actor_647_update           actor_647_update
     00000041  ___bank_actor_80_update            actor_80_update
     00000041  ___bank_actor_81_update            actor_81_update
     00000041  ___bank_actor_85_update            actor_85_update
     00000041  ___bank_actor_89_update            actor_89_update
     00000041  ___bank_actor_93_update            actor_93_update
     00000041  ___bank_actor_97_update            actor_97_update
     00000041  ___bank_bg_brier_s_tower_f1        bg_brier_s_tower_f1
     00000041  ___bank_scene_101_init             scene_101_init
     00000041  ___bank_scene_31_actors            scene_31_actors
     00000041  ___bank_scene_36_actors            scene_36_actors
ASxxxx Linker V03.00 + NoICE + sdld,  page 21.
Hexadecimal  [32-Bits]

Area                                    Addr        Size        Decimal Bytes (Attributes)
--------------------------------        ----        ----        ------- ----- ------------
.  .ABS.                            00000000    00000000 =           0. bytes (ABS,CON)

      Value  Global                              Global Defined In Module
      -----  --------------------------------   ------------------------
     00000041  ___bank_scene_38_actors            scene_38_actors
     00000041  ___bank_scene_47_actors            scene_47_actors
     00000041  ___bank_scene_53_actors            scene_53_actors
     00000041  ___bank_scene_57_actors            scene_57_actors
     00000041  ___bank_sprite_intrepid_flyer_ti   sprite_intrepid_flyer_tilese
     00000041  b_vm_cos_scale                     vm_math
     00000041  b_vm_music_mute                    vm_music
     00000041  b_vm_music_play                    vm_music
     00000041  b_vm_music_routine                 vm_music
     00000041  b_vm_music_setpos                  vm_music
     00000041  b_vm_music_stop                    vm_music
     00000041  b_vm_sfx_play                      vm_music
     00000041  b_vm_sin_scale                     vm_math
     00000041  b_vm_sound_mastervol               vm_music
     00000042  ___bank_VM_PROJECTILE              vm_projectiles
     00000042  ___bank_VM_RTC                     vm_rtc
     00000042  ___bank_actor_101_interact         actor_101_interact
     00000042  ___bank_actor_111_interact         actor_111_interact
     00000042  ___bank_actor_396_interact         actor_396_interact
[...]
                                          [ trigger_267_interact ]
C:/Users/steve/AppData/Local/Temp/_gbsbuild/obj/trigger_268_interact.rel
                                          [ trigger_268_interact ]
C:/Users/steve/AppData/Local/Temp/_gbsbuild/obj/trigger_269_interact.rel
                                          [ trigger_269_interact ]
C:/Users/steve/AppData/Local/Temp/_gbsbuild/obj/trigger_27_interact.rel
                                          [ trigger_27_interact ]
C:/Users/steve/AppData/Local/Temp/_gbsbuild/obj/trigger_270_interact.rel
                                          [ trigger_270_interact ]
C:/Users/steve/AppData/Local/Temp/_gbsbuild/obj/trigger_271_interact.rel
                                          [ trigger_271_interact ]
C:/Users/steve/AppData/Local/Temp/_gbsbuild/obj/trigger_272_interact.rel
                                          [ trigger_272_interact ]
C:/Users/steve/AppData/Local/Temp/_gbsbuild/obj/trigger_273_interact.rel
                                          [ trigger_273_interact ]
C:/Users/steve/AppData/Local/Temp/_gbsbuild/obj/trigger_274_interact.rel
                                          [ trigger_274_interact ]
C:/Users/steve/AppData/Local/Temp/_gbsbuild/obj/trigger_275_interact.rel
                                          [ trigger_275_interact ]
C:/Users/steve/AppData/Local/Temp/_gbsbuild/obj/trigger_276_interact.rel
                                          [ trigger_276_interact ]
C:/Users/steve/AppData/Local/Temp/_gbsbuild/obj/trigger_278_interact.rel
                                          [ trigger_278_interact ]
C:/Users/steve/AppData/Local/Temp/_gbsbuild/obj/trigger_279_interact.rel
                                          [ trigger_279_interact ]
C:/Users/steve/AppData/Local/Temp/_gbsbuild/obj/trigger_28_interact.rel
                                          [ trigger_28_interact ]
C:/Users/steve/AppData/Local/Temp/_gbsbuild/obj/trigger_280_interact.rel
                                          [ trigger_280_interact ]
C:/Users/steve/AppData/Local/Temp/_gbsbuild/obj/trigger_281_interact.rel
                                          [ trigger_281_interact ]
C:/Users/steve/AppData/Local/Temp/_gbsbuild/obj/trigger_282_interact.rel
                                          [ trigger_282_interact ]
C:/Users/steve/AppData/Local/Temp/_gbsbuild/obj/trigger_283_interact.rel
                                          [ trigger_283_interact ]
C:/Users/steve/AppData/Local/Temp/_gbsbuild/obj/trigger_284_interact.rel
                                          [ trigger_284_interact ]
C:/Users/steve/AppData/Local/Temp/_gbsbuild/obj/trigger_285_interact.rel
                                          [ trigger_285_interact ]
C:/Users/steve/AppData/Local/Temp/_gbsbuild/obj/trigger_286_interact.rel
                                          [ trigger_286_interact ]
C:/Users/steve/AppData/Local/Temp/_gbsbuild/obj/trigger_287_interact.rel
                                          [ trigger_287_interact ]
C:/Users/steve/AppData/Local/Temp/_gbsbuild/obj/trigger_288_interact.rel
                                          [ trigger_288_interact ]
C:/Users/steve/AppData/Local/Temp/_gbsbuild/obj/trigger_289_interact.rel
                                          [ trigger_289_interact ]
C:/Users/steve/AppData/Local/Temp/_gbsbuild/obj/trigger_29_interact.rel
                                          [ trigger_29_interact ]
C:/Users/steve/AppData/Local/Temp/_gbsbuild/obj/trigger_290_interact.rel
                                          [ trigger_290_interact ]
C:/Users/steve/AppData/Local/Temp/_gbsbuild/obj/trigger_291_interact.rel
                                          [ trigger_291_interact ]
C:/Users/steve/AppData/Local/Temp/_gbsbuild/obj/trigger_292_interact.rel
                                          [ trigger_292_interact ]
C:/Users/steve/AppData/Local/Temp/_gbsbuild/obj/trigger_293_interact.rel
                                          [ trigger_293_interact ]
C:/Users/steve/AppData/Local/Temp/_gbsbuild/obj/trigger_294_interact.rel
                                          [ trigger_294_interact ]
C:/Users/steve/AppData/Local/Temp/_gbsbuild/obj/trigger_295_interact.rel
                                          [ trigger_295_interact ]
C:/Users/steve/AppData/Local/Temp/_gbsbuild/obj/trigger_296_interact.rel
                                          [ trigger_296_interact ]
C:/Users/steve/AppData/Local/Temp/_gbsbuild/obj/trigger_3_interact.rel
                                          [ trigger_3_interact ]
C:/Users/steve/AppData/Local/Temp/_gbsbuild/obj/trigger_30_interact.rel
                                          [ trigger_30_interact ]
C:/Users/steve/AppData/Local/Temp/_gbsbuild/obj/trigger_31_interact.rel
                                          [ trigger_31_interact ]
C:/Users/steve/AppData/Local/Temp/_gbsbuild/obj/trigger_32_interact.rel
                                          [ trigger_32_interact ]
C:/Users/steve/AppData/Local/Temp/_gbsbuild/obj/trigger_33_interact.rel
                                          [ trigger_33_interact ]
C:/Users/steve/AppData/Local/Temp/_gbsbuild/obj/trigger_34_interact.rel
                                          [ trigger_34_interact ]
C:/Users/steve/AppData/Local/Temp/_gbsbuild/obj/trigger_35_interact.rel
                                          [ trigger_35_interact ]
C:/Users/steve/AppData/Local/Temp/_gbsbuild/obj/trigger_36_interact.rel
                                          [ trigger_36_interact ]
C:/Users/steve/AppData/Local/Temp/_gbsbuild/obj/trigger_37_interact.rel
                                          [ trigger_37_interact ]
C:/Users/steve/AppData/Local/Temp/_gbsbuild/obj/trigger_38_interact.rel
                                          [ trigger_38_interact ]
C:/Users/steve/AppData/Local/Temp/_gbsbuild/obj/trigger_39_interact.rel
                                          [ trigger_39_interact ]
C:/Users/steve/AppData/Local/Temp/_gbsbuild/obj/trigger_4_interact.rel
                                          [ trigger_4_interact ]
C:/Users/steve/AppData/Local/Temp/_gbsbuild/obj/trigger_40_interact.rel
                                          [ trigger_40_interact ]
C:/Users/steve/AppData/Local/Temp/_gbsbuild/obj/trigger_41_interact.rel
                                          [ trigger_41_interact ]
C:/Users/steve/AppData/Local/Temp/_gbsbuild/obj/trigger_42_interact.rel
                                          [ trigger_42_interact ]
C:/Users/steve/AppData/Local/Temp/_gbsbuild/obj/trigger_43_interact.rel
                                          [ trigger_43_interact ]
C:/Users/steve/AppData/Local/Temp/_gbsbuild/obj/trigger_44_interact.rel
                                          [ trigger_44_interact ]
C:/Users/steve/AppData/Local/Temp/_gbsbuild/obj/trigger_45_interact.rel
                                          [ trigger_45_interact ]
C:/Users/steve/AppData/Local/Temp/_gbsbuild/obj/trigger_46_interact.rel
                                          [ trigger_46_interact ]
C:/Users/steve/AppData/Local/Temp/_gbsbuild/obj/trigger_47_interact.rel
                                          [ trigger_47_interact ]
C:/Users/steve/AppData/Local/Temp/_gbsbuild/obj/trigger_48_interact.rel
                                          [ trigger_48_interact ]
C:/Users/steve/AppData/Local/Temp/_gbsbuild/obj/trigger_49_interact.rel
                                          [ trigger_49_interact ]
C:/Users/steve/AppData/Local/Temp/_gbsbuild/obj/trigger_5_interact.rel
                                          [ trigger_5_interact ]
C:/Users/steve/AppData/Local/Temp/_gbsbuild/obj/trigger_50_interact.rel
                                          [ trigger_50_interact ]
C:/Users/steve/AppData/Local/Temp/_gbsbuild/obj/trigger_51_interact.rel
                                          [ trigger_51_interact ]
C:/Users/steve/AppData/Local/Temp/_gbsbuild/obj/trigger_52_interact.rel
                                          [ trigger_52_interact ]
C:/Users/steve/AppData/Local/Temp/_gbsbuild/obj/trigger_53_interact.rel
                                          [ trigger_53_interact ]
C:/Users/steve/AppData/Local/Temp/_gbsbuild/obj/trigger_54_interact.rel
                                          [ trigger_54_interact ]
C:/Users/steve/AppData/Local/Temp/_gbsbuild/obj/trigger_55_interact.rel
                                          [ trigger_55_interact ]
C:/Users/steve/AppData/Local/Temp/_gbsbuild/obj/trigger_56_interact.rel
                                          [ trigger_56_interact ]
C:/Users/steve/AppData/Local/Temp/_gbsbuild/obj/trigger_57_interact.rel
                                          [ trigger_57_interact ]
C:/Users/steve/AppData/Local/Temp/_gbsbuild/obj/trigger_58_interact.rel
                                          [ trigger_58_interact ]
C:/Users/steve/AppData/Local/Temp/_gbsbuild/obj/trigger_59_interact.rel
                                          [ trigger_59_interact ]
C:/Users/steve/AppData/Local/Temp/_gbsbuild/obj/trigger_6_interact.rel
                                          [ trigger_6_interact ]
C:/Users/steve/AppData/Local/Temp/_gbsbuild/obj/trigger_60_interact.rel
                                          [ trigger_60_interact ]
C:/Users/steve/AppData/Local/Temp/_gbsbuild/obj/trigger_61_interact.rel
                                          [ trigger_61_interact ]
C:/Users/steve/AppData/Local/Temp/_gbsbuild/obj/trigger_62_interact.rel
                                          [ trigger_62_interact ]
C:/Users/steve/AppData/Local/Temp/_gbsbuild/obj/trigger_63_interact.rel
                                          [ trigger_63_interact ]
C:/Users/steve/AppData/Local/Temp/_gbsbuild/obj/trigger_64_interact.rel
                                          [ trigger_64_interact ]
C:/Users/steve/AppData/Local/Temp/_gbsbuild/obj/trigger_65_interact.rel
                                          [ trigger_65_interact ]
C:/Users/steve/AppData/Local/Temp/_gbsbuild/obj/trigger_66_interact.rel
                                          [ trigger_66_interact ]
C:/Users/steve/AppData/Local/Temp/_gbsbuild/obj/trigger_67_interact.rel
                                          [ trigger_67_interact ]
C:/Users/steve/AppData/Local/Temp/_gbsbuild/obj/trigger_68_interact.rel
                                          [ trigger_68_interact ]
C:/Users/steve/AppData/Local/Temp/_gbsbuild/obj/trigger_69_interact.rel
                                          [ trigger_69_interact ]
C:/Users/steve/AppData/Local/Temp/_gbsbuild/obj/trigger_7_interact.rel
                                          [ trigger_7_interact ]
C:/Users/steve/AppData/Local/Temp/_gbsbuild/obj/trigger_70_interact.rel
                                          [ trigger_70_interact ]
C:/Users/steve/AppData/Local/Temp/_gbsbuild/obj/trigger_71_interact.rel
                                          [ trigger_71_interact ]
C:/Users/steve/AppData/Local/Temp/_gbsbuild/obj/trigger_72_interact.rel
                                          [ trigger_72_interact ]
C:/Users/steve/AppData/Local/Temp/_gbsbuild/obj/trigger_73_interact.rel
                                          [ trigger_73_interact ]
C:/Users/steve/AppData/Local/Temp/_gbsbuild/obj/trigger_74_interact.rel
                                          [ trigger_74_interact ]
C:/Users/steve/AppData/Local/Temp/_gbsbuild/obj/trigger_75_interact.rel
                                          [ trigger_75_interact ]
C:/Users/steve/AppData/Local/Temp/_gbsbuild/obj/trigger_76_interact.rel
                                          [ trigger_76_interact ]
C:/Users/steve/AppData/Local/Temp/_gbsbuild/obj/trigger_77_interact.rel
                                          [ trigger_77_interact ]
C:/Users/steve/AppData/Local/Temp/_gbsbuild/obj/trigger_78_interact.rel
                                          [ trigger_78_interact ]
C:/Users/steve/AppData/Local/Temp/_gbsbuild/obj/trigger_79_interact.rel
                                          [ trigger_79_interact ]
C:/Users/steve/AppData/Local/Temp/_gbsbuild/obj/trigger_8_interact.rel
                                          [ trigger_8_interact ]
C:/Users/steve/AppData/Local/Temp/_gbsbuild/obj/trigger_80_interact.rel
                                          [ trigger_80_interact ]
C:/Users/steve/AppData/Local/Temp/_gbsbuild/obj/trigger_81_interact.rel
                                          [ trigger_81_interact ]
C:/Users/steve/AppData/Local/Temp/_gbsbuild/obj/trigger_82_interact.rel
                                          [ trigger_82_interact ]
C:/Users/steve/AppData/Local/Temp/_gbsbuild/obj/trigger_83_interact.rel
                                          [ trigger_83_interact ]
C:/Users/steve/AppData/Local/Temp/_gbsbuild/obj/trigger_84_interact.rel
                                          [ trigger_84_interact ]
C:/Users/steve/AppData/Local/Temp/_gbsbuild/obj/trigger_85_interact.rel
                                          [ trigger_85_interact ]
C:/Users/steve/AppData/Local/Temp/_gbsbuild/obj/trigger_86_interact.rel
                                          [ trigger_86_interact ]
C:/Users/steve/AppData/Local/Temp/_gbsbuild/obj/trigger_87_interact.rel
                                          [ trigger_87_interact ]
C:/Users/steve/AppData/Local/Temp/_gbsbuild/obj/trigger_88_interact.rel
                                          [ trigger_88_interact ]
C:/Users/steve/AppData/Local/Temp/_gbsbuild/obj/trigger_89_interact.rel
                                          [ trigger_89_interact ]
C:/Users/steve/AppData/Local/Temp/_gbsbuild/obj/trigger_9_interact.rel
                                          [ trigger_9_interact ]
C:/Users/steve/AppData/Local/Temp/_gbsbuild/obj/trigger_90_interact.rel
                                          [ trigger_90_interact ]
C:/Users/steve/AppData/Local/Temp/_gbsbuild/obj/trigger_91_interact.rel
                                          [ trigger_91_interact ]
C:/Users/steve/AppData/Local/Temp/_gbsbuild/obj/trigger_92_interact.rel
                                          [ trigger_92_interact ]
C:/Users/steve/AppData/Local/Temp/_gbsbuild/obj/trigger_93_interact.rel
                                          [ trigger_93_interact ]
C:/Users/steve/AppData/Local/Temp/_gbsbuild/obj/trigger_94_interact.rel
                                          [ trigger_94_interact ]
C:/Users/steve/AppData/Local/Temp/_gbsbuild/obj/trigger_95_interact.rel
                                          [ trigger_95_interact ]
C:/Users/steve/AppData/Local/Temp/_gbsbuild/obj/trigger_96_interact.rel
                                          [ trigger_96_interact ]
C:/Users/steve/AppData/Local/Temp/_gbsbuild/obj/trigger_97_interact.rel
                                          [ trigger_97_interact ]
C:/Users/steve/AppData/Local/Temp/_gbsbuild/obj/trigger_98_interact.rel
                                          [ trigger_98_interact ]
C:/Users/steve/AppData/Local/Temp/_gbsbuild/obj/trigger_99_interact.rel
                                          [ trigger_99_interact ]
C:/Users/steve/AppData/Local/Temp/_gbsbuild/obj/main.rel
                                          [ main ]
C:/Users/steve/AppData/Local/Temp/_gbsbuild/obj/adventure.rel
                                          [ adventure ]
C:/Users/steve/AppData/Local/Temp/_gbsbuild/obj/logo.rel
                                          [ logo ]
C:/Users/steve/AppData/Local/Temp/_gbsbuild/obj/platform.rel
                                          [ platform ]
C:/Users/steve/AppData/Local/Temp/_gbsbuild/obj/pointnclick.rel
                                          [ pointnclick ]
C:/Users/steve/AppData/Local/Temp/_gbsbuild/obj/shmup.rel
                                          [ shmup ]
C:/Users/steve/AppData/Local/Temp/_gbsbuild/obj/states_ptrs.rel
                                          [  ]
C:/Users/steve/AppData/Local/Temp/_gbsbuild/obj/topdown.rel
                                          [ topdown ]


Libraries Linked                          [ object file ]

C:\Users\steve\AppData\Local\Temp/_gbstools/gbdk/lib/small/asxxxx/gb/gb.lib
                                          [ fill_rect_wi.o ]
C:\Users\steve\AppData\Local\Temp/_gbstools/gbdk/lib/small/asxxxx/gbz80/gbz80.lib
                                          [ rand.o ]
C:\Users\steve\AppData\Local\Temp/_gbstools/gbdk/lib/small/asxxxx/gb/gb.lib
                                          [ sfr.o ]
C:\Users\steve\AppData\Local\Temp/_gbstools/gbdk/lib/small/asxxxx/gb/gb.lib
                                          [ get_data.o ]
C:\Users\steve\AppData\Local\Temp/_gbstools/gbdk/lib/small/asxxxx/gb/gb.lib
                                          [ get_tile.o ]
C:\Users\steve\AppData\Local\Temp/_gbstools/gbdk/lib/small/asxxxx/gb/gb.lib
                                          [ cgb_palettes.o ]
lib/gbt_player.lib                        [ gbt_player.o ]
C:\Users\steve\AppData\Local\Temp/_gbstools/gbdk/lib/small/asxxxx/gb/gb.lib
                                          [ metasprites_hide_spr.o ]
C:\Users\steve\AppData\Local\Temp/_gbstools/gbdk/lib/small/asxxxx/gbz80/gbz80.lib
                                          [ mul.o ]
C:\Users\steve\AppData\Local\Temp/_gbstools/gbdk/lib/small/asxxxx/gbz80/gbz80.lib
                                          [ abs.o ]
C:\Users\steve\AppData\Local\Temp/_gbstools/gbdk/lib/small/asxxxx/gb/gb.lib
                                          [ set_wi_t.o ]
C:\Users\steve\AppData\Local\Temp/_gbstools/gbdk/lib/small/asxxxx/gb/gb.lib
                                          [ set_data.o ]
C:\Users\steve\AppData\Local\Temp/_gbstools/gbdk/lib/small/asxxxx/gbz80/gbz80.lib
                                          [ reverse.o ]
C:\Users\steve\AppData\Local\Temp/_gbstools/gbdk/lib/small/asxxxx/gb/gb.lib
                                          [ far_ptr.o ]
C:\Users\steve\AppData\Local\Temp/_gbstools/gbdk/lib/small/asxxxx/gb/gb.lib
                                          [ sgb.o ]
C:\Users\steve\AppData\Local\Temp/_gbstools/gbdk/lib/small/asxxxx/gb/gb.lib
                                          [ lcd.o ]
C:\Users\steve\AppData\Local\Temp/_gbstools/gbdk/lib/small/asxxxx/gb/gb.lib
                                          [ fill_rect.o ]
C:\Users\steve\AppData\Local\Temp/_gbstools/gbdk/lib/small/asxxxx/gb/gb.lib
                                          [ pad_ex.o ]
C:\Users\steve\AppData\Local\Temp/_gbstools/gbdk/lib/small/asxxxx/gb/gb.lib
                                          [ cpy_data.o ]
C:\Users\steve\AppData\Local\Temp/_gbstools/gbdk/lib/small/asxxxx/gb/gb.lib
                                          [ fill_rect_bk.o ]
C:\Users\steve\AppData\Local\Temp/_gbstools/gbdk/lib/small/asxxxx/gb/gb.lib
                                          [ metasprites.o ]
C:\Users\steve\AppData\Local\Temp/_gbstools/gbdk/lib/small/asxxxx/gbz80/gbz80.lib
                                          [ __sdcc_call_hl.o ]
C:\Users\steve\AppData\Local\Temp/_gbstools/gbdk/lib/small/asxxxx/gbz80/gbz80.lib
                                          [ _memcpy.o ]
C:\Users\steve\AppData\Local\Temp/_gbstools/gbdk/lib/small/asxxxx/gbz80/gbz80.lib
                                          [ _memset.o ]
C:\Users\steve\AppData\Local\Temp/_gbstools/gbdk/lib/small/asxxxx/gb/gb.lib
                                          [ set_xy_t.o ]
C:\Users\steve\AppData\Local\Temp/_gbstools/gbdk/lib/small/asxxxx/gb/gb.lib
                                          [ cgb.o ]
C:\Users\steve\AppData\Local\Temp/_gbstools/gbdk/lib/small/asxxxx/gbz80/gbz80.lib
                                          [ div.o ]
C:\Users\steve\AppData\Local\Temp/_gbstools/gbdk/lib/small/asxxxx/gb/gb.lib
                                          [ set_bk_t.o ]
lib/gbt_player.lib                        [ gbt_player_bank1.o ]

ASxxxx Linker V03.00 + NoICE + sdld,  page 234.

User Base Address Definitions

_DATA=0xC0A0
_CODE=0x0200
ASxxxx Linker V03.00 + NoICE + sdld,  page 235.

User Global Definitions

.STACK=0xDF00
_shadow_OAM=0xC000
.refresh_OAM=0xFF80
__start_save=124

