ASxxxx Linker V03.00 + NoICE + sdld,  page 1.
Hexadecimal  [32-Bits]

Area                                    Addr        Size        Decimal Bytes (Attributes)
--------------------------------        ----        ----        ------- ----- ------------
.  .ABS.                            00000000    00000000 =           0. bytes (ABS,CON)

      Value  Global                              Global Defined In Module
      -----  --------------------------------   ------------------------
     00000000  .__.ABS.                           
     00000000  _rRAMG                             
     00000000  l__BASE                         
     00000000  l__BSS                          
     00000000  l__CABS                         
     00000000  l__CODE_0                       
     00000000  l__CRASH_HEADER                 
     00000000  l__CRASH_SCRATCH                
     00000000  l__DABS                         
     00000000  l__EHL_TRAMPOLINE               
     00000000  l__HEADER                       
     00000000  l__HEADER_LCD                   
     00000000  l__HEADER_SIO                   
     00000000  l__HEADER_TIMER                 
     00000000  l__HEAP                         
     00000000  l__HRAM                         
     00000000  l__LIT                          
     00000000  s__CABS                         
     00000000  s__CRASH_HEADER                 
     00000000  s__CRASH_HEADER0                
     00000000  s__CRASH_HEADER1                
     00000000  s__CRASH_SCRATCH                
     00000000  s__CRASH_SCRATCH2               
     00000000  s__DABS                         
     00000000  s__EHL_TRAMPOLINE               
     00000000  s__EHL_TRAMPOLINE0              
     00000000  s__HEADER                       
     00000000  s__HEADER0                      
     00000000  s__HEADER1                      
     00000000  s__HEADER10                     
     00000000  s__HEADER11                     
     00000000  s__HEADER2                      
     00000000  s__HEADER3                      
     00000000  s__HEADER4                      
     00000000  s__HEADER5                      
     00000000  s__HEADER6                      
     00000000  s__HEADER7                      
     00000000  s__HEADER8                      
     00000000  s__HEADER9                      
     00000000  s__HEADER_LCD                   
     00000000  s__HEADER_LCD0                  
     00000000  s__HEADER_SIO                   
     00000000  s__HEADER_SIO0                  
     00000000  s__HEADER_TIMER                 
     00000000  s__HEADER_TIMER0                
     00000000  s__HEADERa                      
     00000000  s__HEADERb                      
     00000000  s__HEADERc                      
     00000000  s__HEADERd                      
     00000000  s__HEADERe                      
ASxxxx Linker V03.00 + NoICE + sdld,  page 2.
Hexadecimal  [32-Bits]

Area                                    Addr        Size        Decimal Bytes (Attributes)
--------------------------------        ----        ----        ------- ----- ------------
.  .ABS.                            00000000    00000000 =           0. bytes (ABS,CON)

      Value  Global                              Global Defined In Module
      -----  --------------------------------   ------------------------
     00000000  s__HEADERf                      
     00000000  s__HRAM                         
     00000000  s__HRAM12                       
     00000001  ___bank_VM_SGB                     vm_sgb
     00000001  ___bank_bg_eather_overworld_1_ti   bg_eather_overworld_1_tilema
     00000001  ___bank_script_input_27            script_input_27
     00000001  ___bank_sound_menu_alt_sound5_wa   sound_menu_alt_sound5_wav
     00000001  ___bank_sprite_speed_selection     sprite_speed_selection
     00000001  b_ui_draw_frame                    ui
     00000001  b_ui_draw_text_buffer_char         ui
     00000001  b_ui_init                          ui
     00000001  b_ui_load_tiles                    ui
     00000001  b_ui_run_menu                      ui
     00000001  b_ui_run_modal                     ui
     00000001  b_ui_set_start_tile                ui
     00000001  l__GSFINAL                      
     00000001  l__HEADER0                      
     00000001  l__HEADER11                     
     00000001  l__HEADER9                      
     00000001  l__HEADERa                      
     00000001  l__HEADERb                      
     00000001  l__HEADERd                      
     00000001  l__HEADERe                      
     00000002  ___bank_bg_eather_overworld_1_ti   bg_eather_overworld_1_tilema
     00000002  ___bank_bg_eather_royal_courtyar   bg_eather_royal_courtyard_3_
     00000002  ___bank_scene_64_init              scene_64_init
     00000002  l__HEADER5                      
     00000002  l__HEADERc                      
     00000002  l__HEADERf                      
     00000003  ___bank_bg_eather_royal_courtyar   bg_eather_royal_courtyard_3_
     00000003  ___bank_scene_38_collisions        scene_38_collisions
     00000003  ___bank_scene_73_init              scene_73_init
     00000003  l__HEADER8                      
     00000003  l__HEADER_LCD0                  
     00000003  l__HRAM12                       
     00000004  ___bank_VM_RTC                     vm_rtc
     00000004  ___bank_actor_256_interact         actor_256_interact
     00000004  ___bank_actor_400_interact         actor_400_interact
     00000004  ___bank_bg_luna_royal_courtyard2   bg_luna_royal_courtyard2_0_t
     00000004  ___mute_mask_sound_footstep_soun   sound_footstep_sound_wav
     00000004  ___mute_mask_sound_impact_sound6   sound_impact_sound6_wav
     00000004  ___mute_mask_sound_jump_sound_wa   sound_jump_sound_wav
     00000004  ___mute_mask_sound_knocking_soun   sound_knocking_sound_wav
     00000004  ___mute_mask_sound_menu_alt_soun   sound_menu_alt_sound3_wav
     00000004  ___mute_mask_sound_menu_alt_soun   sound_menu_alt_sound5_wav
     00000004  ___mute_mask_sound_switch_sound_   sound_switch_sound_wav
     00000004  ___mute_mask_sound_talk_sound0_w   sound_talk_sound0_wav
     00000004  ___mute_mask_sound_talk_sound1_w   sound_talk_sound1_wav
     00000004  b_vm_rtc_get                       vm_rtc
     00000004  b_vm_rtc_latch                     vm_rtc
     00000004  b_vm_rtc_set                       vm_rtc
ASxxxx Linker V03.00 + NoICE + sdld,  page 3.
Hexadecimal  [32-Bits]

Area                                    Addr        Size        Decimal Bytes (Attributes)
--------------------------------        ----        ----        ------- ----- ------------
.  .ABS.                            00000000    00000000 =           0. bytes (ABS,CON)

      Value  Global                              Global Defined In Module
      -----  --------------------------------   ------------------------
     00000004  b_vm_rtc_start                     vm_rtc
     00000004  l__CRASH_HEADER1                
     00000004  l__HEADER_SIO0                  
     00000004  l__HEADER_TIMER0                
     00000005  ___bank_bg_computer_background_t   bg_computer_background_tiles
     00000005  ___bank_bg_luna_royal_courtyard2   bg_luna_royal_courtyard2_0_t
     00000005  ___bank_bg_luna_royal_courtyard2   bg_luna_royal_courtyard2_til
     00000005  ___bank_script_input_30            script_input_30
     00000005  ___bank_trigger_147_interact       trigger_147_interact
     00000005  l__CRASH_HEADER0                
     00000005  l__HEADER1                      
     00000006  ___bank_bg_a_unknown_menu_tilese   bg_a_unknown_menu_tileset
     00000006  ___bank_bg_luna_royal_courtyard2   bg_luna_royal_courtyard2_til
     00000006  ___bank_scene_0_collisions         scene_0_collisions
     00000006  ___bank_sprite_swordattack         sprite_swordattack
     00000006  l__HEADER7                      
     00000007  ___bank_VM_LOAD_SAVE               vm_load_save
     00000007  ___bank_scene_18_sprites           scene_18_sprites
     00000007  ___bank_scene_73_collisions        scene_73_collisions
     00000007  ___bank_scene_9_collisions         scene_9_collisions
     00000007  ___bank_song_adventure_music_Dat   song_adventure_music_Data
     00000007  b_vm_save_clear                    vm_load_save
     00000007  b_vm_save_peek                     vm_load_save
     00000007  l__HEADER2                      
     00000008  ___bank_SGB_border_chr             border
     00000008  ___bank_SGB_border_map             border
     00000008  ___bank_SGB_border_pal             border
     00000008  ___bank_bg_luna_overworld_0b_cop   bg_luna_overworld_0b_copy_ti
     00000008  ___bank_scene_28_init              scene_28_init
     00000008  ___mute_mask_sound_legacy_0        sound_legacy_0
     00000008  b_do_load_palette                  data_manager
     00000008  b_load_background                  data_manager
     00000008  b_load_bkg_tileset                 data_manager
     00000008  b_load_bounds                      data_manager
     00000008  b_load_emote                       data_manager
     00000008  b_load_init                        data_manager
     00000008  b_load_player                      data_manager
     00000008  b_load_scene                       data_manager
     00000008  b_load_sprite                      data_manager
     00000008  l__HEADER3                      
     00000009  ___bank_bg_luna_overworld_0b_cop   bg_luna_overworld_0b_copy_ti
     00000009  ___bank_bg_luna_overworld_0b_til   bg_luna_overworld_0b_tilemap
     00000009  ___bank_font_gbs_mono              font_gbs_mono
     00000009  ___bank_scene_14_init              scene_14_init
     0000000A  ___bank_bg_luna_overworld_0b_til   bg_luna_overworld_0b_tilemap
     0000000A  ___bank_scene_16_triggers          scene_16_triggers
     0000000A  ___bank_scene_63_collisions        scene_63_collisions
     0000000A  ___bank_scene_81_init              scene_81_init
     0000000A  ___bank_sound_jump_sound_wav       sound_jump_sound_wav
     0000000B  ___bank_bg_splash_tileset          bg_splash_tileset
     0000000B  ___bank_scene_31_actors            scene_31_actors
ASxxxx Linker V03.00 + NoICE + sdld,  page 4.
Hexadecimal  [32-Bits]

Area                                    Addr        Size        Decimal Bytes (Attributes)
--------------------------------        ----        ----        ------- ----- ------------
.  .ABS.                            00000000    00000000 =           0. bytes (ABS,CON)

      Value  Global                              Global Defined In Module
      -----  --------------------------------   ------------------------
     0000000B  ___bank_scene_89_collisions        scene_89_collisions
     0000000B  ___bank_sound_menu_alt_sound3_wa   sound_menu_alt_sound3_wav
     0000000C  ___bank_ACTOR                      actor
     0000000C  ___bank_VM_ACTOR                   vm_actor
     0000000C  ___bank_actor_189_interact         actor_189_interact
     0000000C  ___bank_bg_temporal_light_backgr   bg_temporal_light_backgroun_
     0000000C  b_activate_actor                   actor
     0000000C  b_activate_actors_in_col           actor
     0000000C  b_activate_actors_in_row           actor
     0000000C  b_actor_at_tile                    actor
     0000000C  b_actor_get_frame_offset           actor
     0000000C  b_actor_in_front_of_player         actor
     0000000C  b_actor_overlapping_bb             actor
     0000000C  b_actor_overlapping_player         actor
     0000000C  b_actor_set_anim_idle              actor
     0000000C  b_actor_set_anim_moving            actor
     0000000C  b_actor_set_dir                    actor
     0000000C  b_actor_set_frame_offset           actor
     0000000C  b_actor_set_frames                 actor
     0000000C  b_actors_handle_player_collision   actor
     0000000C  b_actors_init                      actor
     0000000C  b_check_collision_in_direction     actor
     0000000C  b_deactivate_actor                 actor
     0000000C  b_player_init                      actor
     0000000C  b_vm_actor_activate                vm_actor
     0000000C  b_vm_actor_deactivate              vm_actor
     0000000C  b_vm_actor_emote                   vm_actor
     0000000C  b_vm_actor_get_angle               vm_actor
     0000000C  b_vm_actor_get_anim_frame          vm_actor
     0000000C  b_vm_actor_get_dir                 vm_actor
     0000000C  b_vm_actor_get_pos                 vm_actor
     0000000C  b_vm_actor_move_cancel             vm_actor
     0000000C  b_vm_actor_move_to                 vm_actor
     0000000C  b_vm_actor_replace_tile            vm_actor
     0000000C  b_vm_actor_set_anim                vm_actor
     0000000C  b_vm_actor_set_anim_frame          vm_actor
     0000000C  b_vm_actor_set_anim_set            vm_actor
     0000000C  b_vm_actor_set_anim_tick           vm_actor
     0000000C  b_vm_actor_set_bounds              vm_actor
     0000000C  b_vm_actor_set_dir                 vm_actor
     0000000C  b_vm_actor_set_flags               vm_actor
     0000000C  b_vm_actor_set_move_speed          vm_actor
     0000000C  b_vm_actor_set_pos                 vm_actor
     0000000C  b_vm_actor_set_spritesheet         vm_actor
     0000000C  b_vm_actor_set_spritesheet_by_re   vm_actor
     0000000C  b_vm_actor_terminate_update        vm_actor
     0000000D  ___bank_bg_intro_exterior_tilema   bg_intro_exterior_tilemap_at
     0000000D  ___bank_bg_intro_interior_tilema   bg_intro_interior_tilemap
     0000000D  ___bank_bg_intro_interior_tilema   bg_intro_interior_tilemap_at
     0000000D  ___bank_bg_magic_school_security   bg_magic_school_security_ch_
     0000000D  ___bank_scene_24_sprites           scene_24_sprites
ASxxxx Linker V03.00 + NoICE + sdld,  page 5.
Hexadecimal  [32-Bits]

Area                                    Addr        Size        Decimal Bytes (Attributes)
--------------------------------        ----        ----        ------- ----- ------------
.  .ABS.                            00000000    00000000 =           0. bytes (ABS,CON)

      Value  Global                              Global Defined In Module
      -----  --------------------------------   ------------------------
     0000000E  ___bank_bg_intro_exterior_tilema   bg_intro_exterior_tilemap
     0000000E  ___bank_bg_magic_school_security   bg_magic_school_security_ch_
     0000000E  ___bank_bg_warning_interior_tile   bg_warning_interior_tilemap
     0000000E  ___bank_bg_warning_interior_tile   bg_warning_interior_tilemap_
     0000000E  ___bank_scene_34_sprites           scene_34_sprites
     0000000F  ___bank_bg_magic_school_security   bg_magic_school_security_ch_
     0000000F  ___bank_scene_45_collisions        scene_45_collisions
     0000000F  ___bank_scene_46_collisions        scene_46_collisions
     0000000F  ___bank_scene_62_sprites           scene_62_sprites
     0000000F  ___bank_scene_83_collisions        scene_83_collisions
     00000010  ___bank_scene_84_collisions        scene_84_collisions
     00000010  ___bank_song_eather_overworld_0_   song_eather_overworld_0_Data
     00000010  ___bank_song_lunabound2_Data       song_lunabound2_Data
     00000010  ___bank_trigger_131_interact       trigger_131_interact
     00000011  ___bank_bg_east_courtyard_connec   bg_east_courtyard_connectio_
     00000011  ___bank_bg_east_courtyard_connec   bg_east_courtyard_connectio_
     00000011  ___bank_script_input_19            script_input_19
     00000011  ___bank_sprite_contacts_transp2_   sprite_contacts_transp2_tile
     00000011  ___bank_trigger_164_interact       trigger_164_interact
     00000011  b_platform_init                    platform
     00000011  b_platform_update                  platform
     00000011  l__EHL_TRAMPOLINE0              
     00000012  ___bank_actor_115_interact         actor_115_interact
     00000012  ___bank_bg_west_courtyard_connec   bg_west_courtyard_connectio_
     00000012  ___bank_bg_west_courtyard_connec   bg_west_courtyard_connectio_
     00000012  ___bank_scene_24_collisions        scene_24_collisions
     00000012  ___bank_scene_26_init              scene_26_init
     00000013  ___bank_VM_MAIN                    vm
     00000013  ___bank_bg_luna_royal_courtyard_   bg_luna_royal_courtyard_0_ti
     00000013  ___bank_scene_33_collisions        scene_33_collisions
     00000013  ___bank_sound_switch_sound_wav     sound_switch_sound_wav
     00000013  ___bank_sprite_flare_static_copy   sprite_flare_static_copy_0_t
     00000013  b_script_detach_hthread            vm
     00000013  b_script_execute                   vm
     00000013  b_script_runner_init               vm
     00000013  b_script_terminate                 vm
     00000013  b_vm_call                          vm
     00000013  b_vm_call_far                      vm
     00000013  b_vm_get_indirect                  vm
     00000013  b_vm_get_int16                     vm
     00000013  b_vm_get_int8                      vm
     00000013  b_vm_get_tlocal                    vm
     00000013  b_vm_get_uint8                     vm
     00000013  b_vm_idle                          vm
     00000013  b_vm_if                            vm
     00000013  b_vm_if_const                      vm
     00000013  b_vm_init_rng                      vm
     00000013  b_vm_invoke                        vm
     00000013  b_vm_join                          vm
     00000013  b_vm_jump                          vm
     00000013  b_vm_lock                          vm
ASxxxx Linker V03.00 + NoICE + sdld,  page 6.
Hexadecimal  [32-Bits]

Area                                    Addr        Size        Decimal Bytes (Attributes)
--------------------------------        ----        ----        ------- ----- ------------
.  .ABS.                            00000000    00000000 =           0. bytes (ABS,CON)

      Value  Global                              Global Defined In Module
      -----  --------------------------------   ------------------------
     00000013  b_vm_loop                          vm
     00000013  b_vm_memcpy                        vm
     00000013  b_vm_memset                        vm
     00000013  b_vm_poll_loaded                   vm
     00000013  b_vm_pop                           vm
     00000013  b_vm_push                          vm
     00000013  b_vm_push_reference                vm
     00000013  b_vm_push_value                    vm
     00000013  b_vm_push_value_ind                vm
     00000013  b_vm_raise                         vm
     00000013  b_vm_rand                          vm
     00000013  b_vm_reserve                       vm
     00000013  b_vm_ret                           vm
     00000013  b_vm_ret_far                       vm
     00000013  b_vm_set                           vm
     00000013  b_vm_set_const                     vm
     00000013  b_vm_set_const_int16               vm
     00000013  b_vm_set_const_int8                vm
     00000013  b_vm_set_indirect                  vm
     00000013  b_vm_set_int16                     vm
     00000013  b_vm_set_int8                      vm
     00000013  b_vm_set_uint8                     vm
     00000013  b_vm_terminate                     vm
     00000013  b_vm_test_terminate                vm
     00000013  b_vm_unlock                        vm
     00000013  b_wait_frames                      vm
     00000014  ___bank_bg_luna_royal_courtyard_   bg_luna_royal_courtyard_tile
     00000014  ___bank_bg_luna_royal_courtyard_   bg_luna_royal_courtyard_tile
     00000014  ___bank_scene_64_collisions        scene_64_collisions
     00000014  ___bank_scene_8_collisions         scene_8_collisions
     00000014  ___bank_trigger_133_interact       trigger_133_interact
     00000014  b_remove_LCD_ISRs                  interrupts
     00000015  ___bank_bg_eather_overworld_0_ti   bg_eather_overworld_0_tilema
     00000015  ___bank_bg_eather_overworld_0_ti   bg_eather_overworld_0_tilema
     00000015  ___bank_bg_eather_overworld_2_ti   bg_eather_overworld_2_tilema
     00000015  ___bank_bg_eather_overworld_2_ti   bg_eather_overworld_2_tilema
     00000015  ___bank_scene_82_init              scene_82_init
     00000015  ___bank_script_10                  script_10
     00000016  ___bank_VM_UI                      vm_ui
     00000016  ___bank_bg_magic_school_f1_tilem   bg_magic_school_f1_tilemap
     00000016  ___bank_bg_magic_school_f1_tilem   bg_magic_school_f1_tilemap_a
     00000016  ___bank_scene_32_collisions        scene_32_collisions
     00000016  ___bank_scene_37_collisions        scene_37_collisions
     00000016  ___bank_scene_48_triggers          scene_48_triggers
     00000016  b_vm_choice                        vm_ui
     00000016  b_vm_display_text                  vm_ui
     00000016  b_vm_overlay_clear                 vm_ui
     00000016  b_vm_overlay_move_to               vm_ui
     00000016  b_vm_overlay_scroll                vm_ui
     00000016  b_vm_overlay_set_map               vm_ui
     00000016  b_vm_overlay_set_scroll            vm_ui
ASxxxx Linker V03.00 + NoICE + sdld,  page 7.
Hexadecimal  [32-Bits]

Area                                    Addr        Size        Decimal Bytes (Attributes)
--------------------------------        ----        ----        ------- ----- ------------
.  .ABS.                            00000000    00000000 =           0. bytes (ABS,CON)

      Value  Global                              Global Defined In Module
      -----  --------------------------------   ------------------------
     00000016  b_vm_overlay_set_submap            vm_ui
     00000016  b_vm_overlay_set_submap_ex         vm_ui
     00000016  b_vm_overlay_setpos                vm_ui
     00000016  b_vm_overlay_show                  vm_ui
     00000016  b_vm_overlay_wait                  vm_ui
     00000016  b_vm_set_font                      vm_ui
     00000016  b_vm_set_text_sound                vm_ui
     00000016  b_vm_switch_text_layer             vm_ui
     00000017  ___bank_bg_eather_overworld_1_ti   bg_eather_overworld_1_tilese
     00000017  ___bank_bg_luna_overworld_0_tile   bg_luna_overworld_0_tileset
     00000017  ___bank_bg_luna_overworld_0b_cop   bg_luna_overworld_0b_copy_ti
     00000017  ___bank_bg_settings_tileset        bg_settings_tileset
     00000017  ___bank_scene_39_collisions        scene_39_collisions
     00000017  ___bank_sound_knocking_sound_wav   sound_knocking_sound_wav
     00000018  ___bank_bg_lights_library_tilema   bg_lights_library_tilemap_at
     00000018  ___bank_bg_load_game_background_   bg_load_game_background_tile
     00000018  ___bank_bg_luna_overworld_0a_til   bg_luna_overworld_0a_tileset
     00000018  ___bank_bg_luna_overworld_3a_til   bg_luna_overworld_3a_tileset
     00000018  ___bank_bg_title_tileset           bg_title_tileset
     00000018  ___bank_sound_talk_sound0_wav      sound_talk_sound0_wav
     00000018  b_data_clear                       load_save
     00000018  b_data_init                        load_save
     00000018  b_data_load                        load_save
     00000018  b_data_peek                        load_save
     00000018  b_data_save                        load_save
     00000019  ___bank_bg_intro_interior_tilese   bg_intro_interior_tileset
     00000019  ___bank_bg_jems_house_basement_o   bg_jems_house_basement_open_
     00000019  ___bank_bg_jems_house_basement_o   bg_jems_house_basement_open_
     00000019  ___bank_bg_jems_house_basement_t   bg_jems_house_basement_tilem
     00000019  ___bank_bg_lights_library_tilema   bg_lights_library_tilemap
     00000019  ___bank_bg_peryils_home_tileset    bg_peryils_home_tileset
     00000019  ___bank_scene_30_collisions        scene_30_collisions
     00000019  l__INITIALIZED                  
     00000019  l__INITIALIZER                  
     0000001A  ___bank_bg_jems_house_basement_t   bg_jems_house_basement_tilem
     0000001A  ___bank_bg_luna_overworld_3_tile   bg_luna_overworld_3_tilemap
     0000001A  ___bank_bg_luna_overworld_3_tile   bg_luna_overworld_3_tilemap_
     0000001A  ___bank_bg_luna_overworld_3a_til   bg_luna_overworld_3a_tilemap
     0000001A  ___bank_bg_luna_overworld_3a_til   bg_luna_overworld_3a_tilemap
     0000001A  ___bank_scene_11_collisions        scene_11_collisions
     0000001A  ___bank_song_sirrus_attacks_Data   song_sirrus_attacks_Data
     0000001A  ___bank_trigger_17_interact        trigger_17_interact
     0000001B  ___bank_bg_eather_royal_courtyar   bg_eather_royal_courtyard_3_
     0000001B  ___bank_bg_intro_exterior_tilese   bg_intro_exterior_tileset
     0000001B  ___bank_bg_luna_overworld_0b_til   bg_luna_overworld_0b_tileset
     0000001B  ___bank_bg_luna_overworld_3_tile   bg_luna_overworld_3_tileset
     0000001B  ___bank_scene_13_collisions        scene_13_collisions
     0000001B  ___bank_scene_19_triggers          scene_19_triggers
     0000001B  ___bank_scene_67_collisions        scene_67_collisions
     0000001B  ___bank_scene_68_collisions        scene_68_collisions
     0000001C  ___bank_bg_a_unknown_menu          bg_a_unknown_menu
ASxxxx Linker V03.00 + NoICE + sdld,  page 8.
Hexadecimal  [32-Bits]

Area                                    Addr        Size        Decimal Bytes (Attributes)
--------------------------------        ----        ----        ------- ----- ------------
.  .ABS.                            00000000    00000000 =           0. bytes (ABS,CON)

      Value  Global                              Global Defined In Module
      -----  --------------------------------   ------------------------
     0000001C  ___bank_bg_east_courtyard_connec   bg_east_courtyard_connectio_
     0000001C  ___bank_bg_eather_palace_enteran   bg_eather_palace_enterance_t
     0000001C  ___bank_bg_eather_palace_enteran   bg_eather_palace_enterance_t
     0000001C  ___bank_bg_lunar_palace_enteranc   bg_lunar_palace_enterance_ti
     0000001C  ___bank_bg_lunar_palace_enteranc   bg_lunar_palace_enterance_ti
     0000001C  ___bank_bg_the_intrepid_flyer_ea   bg_the_intrepid_flyer_eathe_
     0000001C  ___bank_bg_the_intrepid_flyer_ea   bg_the_intrepid_flyer_eathe_
     0000001C  ___bank_bg_the_intrepid_flyer_in   bg_the_intrepid_flyer_inter_
     0000001D  ___bank_bg_the_intrepid_flyer_in   bg_the_intrepid_flyer_inter_
     0000001D  ___bank_bg_the_intrepid_flyer_lu   bg_the_intrepid_flyer_luna__
     0000001D  ___bank_bg_the_intrepid_flyer_lu   bg_the_intrepid_flyer_luna__
     0000001D  ___bank_scene_10_sprites           scene_10_sprites
     0000001D  ___bank_scene_26_collisions        scene_26_collisions
     0000001D  ___bank_scene_42_collisions        scene_42_collisions
     0000001D  ___bank_scene_50_collisions        scene_50_collisions
     0000001D  ___bank_scene_51_collisions        scene_51_collisions
     0000001D  ___bank_scene_9_init               scene_9_init
     0000001E  ___bank_bg_lower_courtyard_conne   bg_lower_courtyard_connecti_
     0000001E  ___bank_bg_lower_courtyard_conne   bg_lower_courtyard_connecti_
     0000001E  ___bank_bg_magic_school_security   bg_magic_school_security_ch_
     0000001E  ___bank_bg_upper_courtyard_conne   bg_upper_courtyard_connecti_
     0000001E  ___bank_scene_58_collisions        scene_58_collisions
     0000001E  ___bank_scene_71_collisions        scene_71_collisions
     0000001E  ___bank_scene_77_collisions        scene_77_collisions
     0000001E  ___bank_scene_79_collisions        scene_79_collisions
     0000001F  ___bank_bg_intro_background_0_ti   bg_intro_background_0_tilese
     0000001F  ___bank_bg_luna_royal_courtyard2   bg_luna_royal_courtyard2_til
     0000001F  ___bank_bg_peryils_home_tilemap_   bg_peryils_home_tilemap_attr
     0000001F  ___bank_bg_upper_courtyard_conne   bg_upper_courtyard_connecti_
     0000001F  ___bank_scene_22_collisions        scene_22_collisions
     0000001F  ___bank_scene_23_collisions        scene_23_collisions
     0000001F  ___bank_song_distortion_mountain   song_distortion_mountain_du_
     0000001F  b_projectile_launch                projectiles
     0000001F  b_projectiles_init                 projectiles
     00000020  ___bank_bg_gameover_tileset        bg_gameover_tileset
     00000020  ___bank_bg_peryils_home_tilemap    bg_peryils_home_tilemap
     00000020  ___bank_bg_throne_room_acess_2_t   bg_throne_room_acess_2_tilem
     00000020  ___bank_scene_10_init              scene_10_init
     00000020  ___bank_scene_39_triggers          scene_39_triggers
     00000020  ___bank_scene_75_collisions        scene_75_collisions
     00000020  ___bank_script_8                   script_8
     00000020  b_adventure_init                   adventure
     00000020  b_adventure_update                 adventure
     00000020  b_scroll_init                      scroll
     00000020  b_scroll_repaint                   scroll
     00000020  b_scroll_reset                     scroll
     00000020  b_scroll_update                    scroll
     00000020  b_shmup_init                       shmup
     00000020  b_shmup_update                     shmup
     00000021  ___bank_VM_GAMEBOY                 vm_gameboy
     00000021  ___bank_bg_eather_overworld_0_ti   bg_eather_overworld_0_tilese
ASxxxx Linker V03.00 + NoICE + sdld,  page 9.
Hexadecimal  [32-Bits]

Area                                    Addr        Size        Decimal Bytes (Attributes)
--------------------------------        ----        ----        ------- ----- ------------
.  .ABS.                            00000000    00000000 =           0. bytes (ABS,CON)

      Value  Global                              Global Defined In Module
      -----  --------------------------------   ------------------------
     00000021  ___bank_bg_jem_s_home_copy_tiles   bg_jem_s_home_copy_tileset
     00000021  ___bank_bg_jems_house_basement_o   bg_jems_house_basement_open_
     00000021  ___bank_bg_jems_house_basement_t   bg_jems_house_basement_tiles
     00000021  ___bank_bg_luna_royal_courtyard2   bg_luna_royal_courtyard2_0_t
     00000021  ___bank_bg_luna_royal_courtyard_   bg_luna_royal_courtyard_0_ti
     00000021  ___bank_bg_luna_royal_courtyard_   bg_luna_royal_courtyard_tile
     00000021  ___bank_scene_29_init              scene_29_init
     00000021  ___bank_song_unknown_wilds_Data    song_unknown_wilds_Data
     00000021  b_topdown_init                     topdown
     00000021  b_topdown_update                   topdown
     00000021  b_vm_context_prepare               vm_gameboy
     00000021  b_vm_fade                          vm_gameboy
     00000021  b_vm_get_tile_xy                   vm_gameboy
     00000021  b_vm_input_attach                  vm_gameboy
     00000021  b_vm_input_detach                  vm_gameboy
     00000021  b_vm_input_get                     vm_gameboy
     00000021  b_vm_input_wait                    vm_gameboy
     00000021  b_vm_load_tiles                    vm_gameboy
     00000021  b_vm_load_tileset                  vm_gameboy
     00000021  b_vm_poll                          vm_gameboy
     00000021  b_vm_replace_tile                  vm_gameboy
     00000021  b_vm_replace_tile_xy               vm_gameboy
     00000021  b_vm_rumble                        vm_gameboy
     00000021  b_vm_set_sprite_mode               vm_gameboy
     00000021  b_vm_set_sprites_visible           vm_gameboy
     00000021  b_vm_timer_prepare                 vm_gameboy
     00000021  b_vm_timer_reset                   vm_gameboy
     00000021  b_vm_timer_set                     vm_gameboy
     00000021  b_vm_timer_stop                    vm_gameboy
     00000022  ___bank_bg_brier_s_tower_f1        bg_brier_s_tower_f1
     00000022  ___bank_bg_brier_s_tower_f1_tile   bg_brier_s_tower_f1_tilemap
     00000022  ___bank_bg_brier_s_tower_f1_tile   bg_brier_s_tower_f1_tilemap_
     00000022  ___bank_bg_brier_s_tower_f2_tile   bg_brier_s_tower_f2_tilemap
     00000022  ___bank_bg_brier_s_tower_f2_tile   bg_brier_s_tower_f2_tilemap_
     00000022  ___bank_bg_brier_s_tower_f3_tile   bg_brier_s_tower_f3_tilemap
     00000022  ___bank_bg_brier_s_tower_f3_tile   bg_brier_s_tower_f3_tilemap_
     00000022  ___bank_bg_luna_dungeons_tilemap   bg_luna_dungeons_tilemap
     00000022  ___bank_bg_luna_dungeons_tilemap   bg_luna_dungeons_tilemap_att
     00000022  ___bank_bg_luna_overworld_0_tile   bg_luna_overworld_0_tilemap
     00000022  ___bank_bg_luna_overworld_0_tile   bg_luna_overworld_0_tilemap_
     00000022  ___bank_bg_magic_school_security   bg_magic_school_security_ch_
     00000023  ___bank_actor_345_update           actor_345_update
     00000023  ___bank_bg_luna_overworld_0a_til   bg_luna_overworld_0a_tilemap
     00000023  ___bank_bg_luna_overworld_0a_til   bg_luna_overworld_0a_tilemap
     00000023  ___bank_bg_magic_school_magic_cl   bg_magic_school_magic_class_
     00000023  ___bank_bg_magic_school_magic_cl   bg_magic_school_magic_class_
     00000023  ___bank_bg_magic_school_magic_cl   bg_magic_school_magic_class_
     00000023  ___bank_bg_magic_school_magic_cl   bg_magic_school_magic_class_
     00000023  ___bank_scene_21_collisions        scene_21_collisions
     00000023  ___bank_scene_25_collisions        scene_25_collisions
     00000023  ___bank_scene_29_collisions        scene_29_collisions
ASxxxx Linker V03.00 + NoICE + sdld,  page 10.
Hexadecimal  [32-Bits]

Area                                    Addr        Size        Decimal Bytes (Attributes)
--------------------------------        ----        ----        ------- ----- ------------
.  .ABS.                            00000000    00000000 =           0. bytes (ABS,CON)

      Value  Global                              Global Defined In Module
      -----  --------------------------------   ------------------------
     00000023  ___bank_scene_34_collisions        scene_34_collisions
     00000023  b_logo_init                        logo
     00000023  b_logo_update                      logo
     00000024  ___bank_bg_jems_background_2_til   bg_jems_background_2_tileset
     00000024  ___bank_bg_lights_background_til   bg_lights_background_tileset
     00000024  ___bank_bg_magic_school_f1_tiles   bg_magic_school_f1_tileset
     00000024  ___bank_bg_throne_room_acess_2_t   bg_throne_room_acess_2_tiles
     00000024  ___bank_bg_throne_room_tilemap     bg_throne_room_tilemap
     00000024  ___bank_bg_throne_room_tilemap_a   bg_throne_room_tilemap_attr
     00000024  ___bank_scene_27_collisions        scene_27_collisions
     00000024  ___bank_scene_35_collisions        scene_35_collisions
     00000024  ___bank_scene_36_collisions        scene_36_collisions
     00000024  ___bank_scene_60_collisions        scene_60_collisions
     00000024  ___bank_scene_62_collisions        scene_62_collisions
     00000025  ___bank_actor_132_interact         actor_132_interact
     00000025  ___bank_bg_jem_s_home_copy_0_til   bg_jem_s_home_copy_0_tilemap
     00000025  ___bank_bg_jem_s_home_copy_0_til   bg_jem_s_home_copy_0_tilemap
     00000025  ___bank_bg_jem_s_home_copy_tilem   bg_jem_s_home_copy_tilemap
     00000025  ___bank_bg_jem_s_home_copy_tilem   bg_jem_s_home_copy_tilemap_a
     00000025  ___bank_bg_jem_s_home_tilemap_at   bg_jem_s_home_tilemap_attr
     00000025  ___bank_bg_the_intrepid_flyer_in   bg_the_intrepid_flyer_inter_
     00000025  ___bank_cursor_image               cursor_image
     00000025  ___bank_scene_10_collisions        scene_10_collisions
     00000025  ___bank_scene_12_collisions        scene_12_collisions
     00000025  ___bank_scene_12_init              scene_12_init
     00000025  ___bank_scene_76_collisions        scene_76_collisions
     00000025  ___bank_sound_talk_sound1_wav      sound_talk_sound1_wav
     00000026  ___bank_actor_204_interact         actor_204_interact
     00000026  ___bank_actor_205_interact         actor_205_interact
     00000026  ___bank_actor_257_interact         actor_257_interact
     00000026  ___bank_bg_eather_overworld_2_ti   bg_eather_overworld_2_tilese
     00000026  ___bank_bg_eather_royal_storage_   bg_eather_royal_storage_she_
     00000026  ___bank_bg_game_menu_tileset       bg_game_menu_tileset
     00000026  ___bank_bg_jem_s_home_tileset      bg_jem_s_home_tileset
     00000026  ___bank_bg_the_intrepid_flyer_ea   bg_the_intrepid_flyer_eathe_
     00000026  ___bank_bg_throne_room_acess_2_t   bg_throne_room_acess_2_tilem
     00000026  ___bank_bg_throne_room_acess_til   bg_throne_room_acess_tilemap
     00000026  ___bank_bg_throne_room_acess_til   bg_throne_room_acess_tilemap
     00000026  ___bank_scene_28_collisions        scene_28_collisions
     00000026  ___bank_scene_41_collisions        scene_41_collisions
     00000026  ___bank_script_11                  script_11
     00000026  ___bank_trigger_125_interact       trigger_125_interact
     00000027  ___bank_VM_GBPRINTER               vm_gbprinter
     00000027  ___bank_VM_SIO                     vm_sio
     00000027  ___bank_actor_252_interact         actor_252_interact
     00000027  ___bank_bg_contacts_tileset        bg_contacts_tileset
     00000027  ___bank_bg_lights_library_tilese   bg_lights_library_tileset
     00000027  ___bank_bg_lower_courtyard_conne   bg_lower_courtyard_connecti_
     00000027  ___bank_bg_magic_school_magic_cl   bg_magic_school_magic_class_
     00000027  ___bank_bg_the_intrepid_flyer_lu   bg_the_intrepid_flyer_luna__
     00000027  ___bank_bg_warning_interior_tile   bg_warning_interior_tileset
ASxxxx Linker V03.00 + NoICE + sdld,  page 11.
Hexadecimal  [32-Bits]

Area                                    Addr        Size        Decimal Bytes (Attributes)
--------------------------------        ----        ----        ------- ----- ------------
.  .ABS.                            00000000    00000000 =           0. bytes (ABS,CON)

      Value  Global                              Global Defined In Module
      -----  --------------------------------   ------------------------
     00000027  ___bank_scene_14_sprites           scene_14_sprites
     00000027  ___bank_scene_23_actors            scene_23_actors
     00000027  ___bank_scene_41_actors            scene_41_actors
     00000027  ___bank_song_eather_overworld_Da   song_eather_overworld_Data
     00000027  ___bank_song_eather_school_Data    song_eather_school_Data
     00000027  b___HandleCrash_banked             
     00000027  b_core_reset                       core
     00000027  b_core_run                         core
     00000027  b_gbprinter_detect                 gbprinter
     00000027  b_gbprinter_print_overlay          gbprinter
     00000027  b_pointnclick_init                 pointnclick
     00000027  b_pointnclick_update               pointnclick
     00000027  b_trigger_activate_at              trigger
     00000027  b_trigger_activate_at_intersecti   trigger
     00000027  b_trigger_at_intersection          trigger
     00000027  b_trigger_at_tile                  trigger
     00000027  b_trigger_interact                 trigger
     00000027  b_trigger_reset                    trigger
     00000027  b_vm_print_detect                  vm_gbprinter
     00000027  b_vm_print_overlay                 vm_gbprinter
     00000027  b_vm_sio_exchange                  vm_sio
     00000027  b_vm_sio_set_mode                  vm_sio
     00000028  ___bank_VM_CAMERA                  vm_camera
     00000028  ___bank_actor_170_interact         actor_170_interact
     00000028  ___bank_bg_brier_s_tower_f3_tile   bg_brier_s_tower_f3_tileset
     00000028  ___bank_bg_eather_palace_enteran   bg_eather_palace_enterance_t
     00000028  ___bank_bg_luna_dungeons_tileset   bg_luna_dungeons_tileset
     00000028  ___bank_bg_messages_menu_copy_ti   bg_messages_menu_copy_tilese
     00000028  ___bank_bg_rug_store_tileset       bg_rug_store_tileset
     00000028  ___bank_bg_upper_courtyard_conne   bg_upper_courtyard_connecti_
     00000028  ___bank_scene_10_actors            scene_10_actors
     00000028  ___bank_scene_11_actors            scene_11_actors
     00000028  ___bank_scene_12_actors            scene_12_actors
     00000028  ___bank_scene_13_actors            scene_13_actors
     00000028  ___bank_scene_30_init              scene_30_init
     00000028  ___bank_scene_42_actors            scene_42_actors
     00000028  ___bank_scene_44_init              scene_44_init
     00000028  ___bank_scene_79_init              scene_79_init
     00000028  ___bank_script_5                   script_5
     00000028  ___bank_sound_footstep_sound_wav   sound_footstep_sound_wav
     00000028  ___bank_sound_impact_sound6_wav    sound_impact_sound6_wav
     00000028  ___bank_sprite_brier_animated_ti   sprite_brier_animated_tilese
     00000028  ___bank_sprite_number_ui_tileset   sprite_number_ui_tileset
     00000028  ___bank_trigger_198_interact       trigger_198_interact
     00000028  b_camera_shake_frames              vm_camera
     00000028  b_fade_applypalettechange          fade_manager
     00000028  b_fade_in                          fade_manager
     00000028  b_fade_in_modal                    fade_manager
     00000028  b_fade_init                        fade_manager
     00000028  b_fade_out                         fade_manager
     00000028  b_fade_out_modal                   fade_manager
ASxxxx Linker V03.00 + NoICE + sdld,  page 12.
Hexadecimal  [32-Bits]

Area                                    Addr        Size        Decimal Bytes (Attributes)
--------------------------------        ----        ----        ------- ----- ------------
.  .ABS.                            00000000    00000000 =           0. bytes (ABS,CON)

      Value  Global                              Global Defined In Module
      -----  --------------------------------   ------------------------
     00000028  b_fade_setspeed                    fade_manager
     00000028  b_fade_update                      fade_manager
     00000028  b_vm_camera_move_to                vm_camera
     00000028  b_vm_camera_set_pos                vm_camera
     00000029  ___bank_VM_PALETTE                 vm_palette
     00000029  ___bank_actor_114_interact         actor_114_interact
     00000029  ___bank_bg_brier_s_tower_f1_tile   bg_brier_s_tower_f1_tileset
     00000029  ___bank_bg_brier_s_tower_f2        bg_brier_s_tower_f2
     00000029  ___bank_bg_brier_s_tower_f2_tile   bg_brier_s_tower_f2_tileset
     00000029  ___bank_bg_eather_royal_storage_   bg_eather_royal_storage_she_
     00000029  ___bank_bg_eather_royal_storage_   bg_eather_royal_storage_she_
     00000029  ___bank_bg_item_menu_tileset       bg_item_menu_tileset
     00000029  ___bank_bg_lunar_palace_enteranc   bg_lunar_palace_enterance_ti
     00000029  ___bank_bg_magic_school_security   bg_magic_school_security_ch_
     00000029  ___bank_bg_messages_menu_tileset   bg_messages_menu_tileset
     00000029  ___bank_bg_throne_room_acess_til   bg_throne_room_acess_tileset
     00000029  ___bank_bg_throne_room_tileset     bg_throne_room_tileset
     00000029  ___bank_scene_14_actors            scene_14_actors
     00000029  ___bank_scene_16_collisions        scene_16_collisions
     00000029  ___bank_scene_17_actors            scene_17_actors
     00000029  ___bank_scene_21_actors            scene_21_actors
     00000029  ___bank_scene_25_actors            scene_25_actors
     00000029  ___bank_scene_27_actors            scene_27_actors
     00000029  ___bank_scene_29_actors            scene_29_actors
     00000029  ___bank_scene_48_actors            scene_48_actors
     00000029  ___bank_scene_79_actors            scene_79_actors
     00000029  ___bank_script_6                   script_6
     00000029  ___bank_sprite_brier_animated      sprite_brier_animated
     00000029  ___bank_sprite_ember_stationary_   sprite_ember_stationary_tile
     00000029  ___bank_sprite_flare_static_copy   sprite_flare_static_copy_til
     00000029  ___bank_sprite_flare_static_tile   sprite_flare_static_tileset
     00000029  ___bank_sprite_light_animated_ti   sprite_light_animated_tilese
     00000029  ___bank_sprite_speed_selection_t   sprite_speed_selection_tiles
     00000029  ___bank_trigger_151_interact       trigger_151_interact
     00000029  b_set_sgb_border                   sgb_border
     00000029  b_vm_load_palette                  vm_palette
     0000002A  ___bank_actor_112_interact         actor_112_interact
     0000002A  ___bank_actor_168_interact         actor_168_interact
     0000002A  ___bank_actor_351_update           actor_351_update
     0000002A  ___bank_actor_355_update           actor_355_update
     0000002A  ___bank_actor_356_update           actor_356_update
     0000002A  ___bank_actor_358_update           actor_358_update
     0000002A  ___bank_actor_367_update           actor_367_update
     0000002A  ___bank_actor_53_interact          actor_53_interact
     0000002A  ___bank_bg_a_unknown_menu_tilema   bg_a_unknown_menu_tilemap
     0000002A  ___bank_bg_a_unknown_menu_tilema   bg_a_unknown_menu_tilemap_at
     0000002A  ___bank_bg_computer_background_t   bg_computer_background_tilem
     0000002A  ___bank_bg_contacts_tilemap        bg_contacts_tilemap
     0000002A  ___bank_bg_dark_background_tilem   bg_dark_background_tilemap
     0000002A  ___bank_bg_game_menu_tilemap_att   bg_game_menu_tilemap_attr
     0000002A  ___bank_bg_intro_background_1_ti   bg_intro_background_1_tilese
ASxxxx Linker V03.00 + NoICE + sdld,  page 13.
Hexadecimal  [32-Bits]

Area                                    Addr        Size        Decimal Bytes (Attributes)
--------------------------------        ----        ----        ------- ----- ------------
.  .ABS.                            00000000    00000000 =           0. bytes (ABS,CON)

      Value  Global                              Global Defined In Module
      -----  --------------------------------   ------------------------
     0000002A  ___bank_bg_rug_store_tilemap       bg_rug_store_tilemap
     0000002A  ___bank_bg_rug_store_tilemap_att   bg_rug_store_tilemap_attr
     0000002A  ___bank_scene_0_actors             scene_0_actors
     0000002A  ___bank_scene_16_actors            scene_16_actors
     0000002A  ___bank_scene_22_actors            scene_22_actors
     0000002A  ___bank_scene_25_init              scene_25_init
     0000002A  ___bank_scene_26_actors            scene_26_actors
     0000002A  ___bank_scene_28_actors            scene_28_actors
     0000002A  ___bank_scene_30_actors            scene_30_actors
     0000002A  ___bank_scene_31_collisions        scene_31_collisions
     0000002A  ___bank_scene_32_actors            scene_32_actors
     0000002A  ___bank_scene_33_actors            scene_33_actors
     0000002A  ___bank_scene_35_actors            scene_35_actors
     0000002A  ___bank_scene_39_actors            scene_39_actors
     0000002A  ___bank_scene_43_actors            scene_43_actors
     0000002A  ___bank_scene_48_collisions        scene_48_collisions
     0000002A  ___bank_scene_53_collisions        scene_53_collisions
     0000002A  ___bank_scene_56_actors            scene_56_actors
     0000002A  ___bank_scene_7_actors             scene_7_actors
     0000002A  ___bank_script_12                  script_12
     0000002A  ___bank_script_input_1             script_input_1
     0000002A  ___bank_sprite_flare_static        sprite_flare_static
     0000002A  ___bank_sprite_flare_static_copy   sprite_flare_static_copy
     0000002A  ___bank_sprite_garnet_animated_t   sprite_garnet_animated_tiles
     0000002A  ___bank_sprite_light_animated      sprite_light_animated
     0000002A  ___bank_sprite_perlite_animated_   sprite_perlite_animated_tile
     0000002A  ___bank_trigger_156_interact       trigger_156_interact
     0000002B  ___bank_actor_198_interact         actor_198_interact
     0000002B  ___bank_bg_game_menu_tilemap       bg_game_menu_tilemap
     0000002B  ___bank_bg_gameover_tilemap        bg_gameover_tilemap
     0000002B  ___bank_bg_intro_background_0_ti   bg_intro_background_0_tilema
     0000002B  ___bank_bg_intro_background_0_ti   bg_intro_background_0_tilema
     0000002B  ___bank_bg_intro_background_1_ti   bg_intro_background_1_tilema
     0000002B  ___bank_bg_intro_background_1_ti   bg_intro_background_1_tilema
     0000002B  ___bank_bg_item_menu_tilemap       bg_item_menu_tilemap
     0000002B  ___bank_bg_jems_background_2_til   bg_jems_background_2_tilemap
     0000002B  ___bank_bg_jems_background_2_til   bg_jems_background_2_tilemap
     0000002B  ___bank_bg_lights_background_til   bg_lights_background_tilemap
     0000002B  ___bank_bg_load_game_background_   bg_load_game_background_tile
     0000002B  ___bank_bg_messages_menu_copy_ti   bg_messages_menu_copy_tilema
     0000002B  ___bank_bg_messages_menu_copy_ti   bg_messages_menu_copy_tilema
     0000002B  ___bank_bg_messages_menu_tilemap   bg_messages_menu_tilemap
     0000002B  ___bank_bg_settings_tilemap        bg_settings_tilemap
     0000002B  ___bank_bg_temporal_light_backgr   bg_temporal_light_backgroun_
     0000002B  ___bank_bg_title_tilemap           bg_title_tilemap
     0000002B  ___bank_scene_14_collisions        scene_14_collisions
     0000002B  ___bank_scene_15_collisions        scene_15_collisions
     0000002B  ___bank_scene_17_collisions        scene_17_collisions
     0000002B  ___bank_scene_18_collisions        scene_18_collisions
     0000002B  ___bank_scene_19_collisions        scene_19_collisions
     0000002B  ___bank_scene_1_collisions         scene_1_collisions
ASxxxx Linker V03.00 + NoICE + sdld,  page 14.
Hexadecimal  [32-Bits]

Area                                    Addr        Size        Decimal Bytes (Attributes)
--------------------------------        ----        ----        ------- ----- ------------
.  .ABS.                            00000000    00000000 =           0. bytes (ABS,CON)

      Value  Global                              Global Defined In Module
      -----  --------------------------------   ------------------------
     0000002B  ___bank_scene_20_collisions        scene_20_collisions
     0000002B  ___bank_scene_2_collisions         scene_2_collisions
     0000002B  ___bank_scene_3_collisions         scene_3_collisions
     0000002B  ___bank_scene_40_collisions        scene_40_collisions
     0000002B  ___bank_scene_43_collisions        scene_43_collisions
     0000002B  ___bank_scene_44_collisions        scene_44_collisions
     0000002B  ___bank_scene_47_collisions        scene_47_collisions
     0000002B  ___bank_scene_49_collisions        scene_49_collisions
     0000002B  ___bank_scene_4_collisions         scene_4_collisions
     0000002B  ___bank_scene_52_collisions        scene_52_collisions
     0000002B  ___bank_scene_54_collisions        scene_54_collisions
     0000002B  ___bank_scene_55_collisions        scene_55_collisions
     0000002B  ___bank_scene_56_collisions        scene_56_collisions
     0000002B  ___bank_scene_57_collisions        scene_57_collisions
     0000002B  ___bank_scene_59_collisions        scene_59_collisions
     0000002B  ___bank_scene_61_collisions        scene_61_collisions
     0000002B  ___bank_scene_65_collisions        scene_65_collisions
     0000002B  ___bank_scene_66_collisions        scene_66_collisions
     0000002B  ___bank_scene_69_collisions        scene_69_collisions
     0000002B  ___bank_scene_6_collisions         scene_6_collisions
     0000002B  ___bank_scene_70_collisions        scene_70_collisions
     0000002B  ___bank_scene_7_collisions         scene_7_collisions
     0000002C  ___bank_actor_118_update           actor_118_update
     0000002C  ___bank_actor_122_update           actor_122_update
     0000002C  ___bank_actor_12_update            actor_12_update
     0000002C  ___bank_actor_146_update           actor_146_update
     0000002C  ___bank_actor_150_update           actor_150_update
     0000002C  ___bank_actor_175_update           actor_175_update
     0000002C  ___bank_actor_17_update            actor_17_update
     0000002C  ___bank_actor_196_update           actor_196_update
     0000002C  ___bank_actor_208_update           actor_208_update
     0000002C  ___bank_actor_20_update            actor_20_update
     0000002C  ___bank_actor_212_update           actor_212_update
     0000002C  ___bank_actor_216_update           actor_216_update
     0000002C  ___bank_actor_220_update           actor_220_update
     0000002C  ___bank_actor_225_update           actor_225_update
     0000002C  ___bank_actor_235_update           actor_235_update
     0000002C  ___bank_actor_239_update           actor_239_update
     0000002C  ___bank_actor_25_update            actor_25_update
     0000002C  ___bank_actor_268_update           actor_268_update
     0000002C  ___bank_actor_272_update           actor_272_update
     0000002C  ___bank_actor_278_update           actor_278_update
     0000002C  ___bank_actor_279_update           actor_279_update
     0000002C  ___bank_actor_287_update           actor_287_update
     0000002C  ___bank_actor_28_update            actor_28_update
     0000002C  ___bank_actor_299_update           actor_299_update
     0000002C  ___bank_actor_31_interact          actor_31_interact
     0000002C  ___bank_actor_332_update           actor_332_update
     0000002C  ___bank_actor_336_update           actor_336_update
     0000002C  ___bank_actor_340_update           actor_340_update
     0000002C  ___bank_actor_348_update           actor_348_update
ASxxxx Linker V03.00 + NoICE + sdld,  page 15.
Hexadecimal  [32-Bits]

Area                                    Addr        Size        Decimal Bytes (Attributes)
--------------------------------        ----        ----        ------- ----- ------------
.  .ABS.                            00000000    00000000 =           0. bytes (ABS,CON)

      Value  Global                              Global Defined In Module
      -----  --------------------------------   ------------------------
     0000002C  ___bank_actor_354_update           actor_354_update
     0000002C  ___bank_actor_361_update           actor_361_update
     0000002C  ___bank_actor_365_update           actor_365_update
     0000002C  ___bank_actor_370_update           actor_370_update
     0000002C  ___bank_actor_374_update           actor_374_update
     0000002C  ___bank_actor_380_update           actor_380_update
     0000002C  ___bank_actor_381_update           actor_381_update
     0000002C  ___bank_bg_west_courtyard_connec   bg_west_courtyard_connectio_
     0000002C  ___bank_scene_72_collisions        scene_72_collisions
     0000002C  ___bank_scene_74_collisions        scene_74_collisions
     0000002C  ___bank_scene_78_collisions        scene_78_collisions
     0000002C  ___bank_scene_80_collisions        scene_80_collisions
     0000002C  ___bank_scene_81_collisions        scene_81_collisions
     0000002C  ___bank_scene_82_collisions        scene_82_collisions
     0000002C  ___bank_scene_85_collisions        scene_85_collisions
     0000002C  ___bank_scene_86_collisions        scene_86_collisions
     0000002C  ___bank_scene_87_collisions        scene_87_collisions
     0000002C  ___bank_scene_88_collisions        scene_88_collisions
     0000002C  ___bank_trigger_100_interact       trigger_100_interact
     0000002C  ___bank_trigger_99_interact        trigger_99_interact
     0000002D  ___bank_VM_MATH                    vm_math
     0000002D  ___bank_VM_MUSIC                   vm_music
     0000002D  ___bank_VM_PROJECTILE              vm_projectiles
     0000002D  ___bank_actor_111_interact         actor_111_interact
     0000002D  ___bank_actor_386_update           actor_386_update
     0000002D  ___bank_actor_390_update           actor_390_update
     0000002D  ___bank_actor_408_update           actor_408_update
     0000002D  ___bank_actor_48_update            actor_48_update
     0000002D  ___bank_actor_51_update            actor_51_update
     0000002D  ___bank_actor_56_update            actor_56_update
     0000002D  ___bank_actor_80_update            actor_80_update
     0000002D  ___bank_actor_81_update            actor_81_update
     0000002D  ___bank_actor_85_update            actor_85_update
     0000002D  ___bank_actor_89_update            actor_89_update
     0000002D  ___bank_actor_93_update            actor_93_update
     0000002D  ___bank_actor_97_update            actor_97_update
     0000002D  ___bank_avatar_font_0              avatar_font_0
     0000002D  ___bank_scene_0_init               scene_0_init
     0000002D  ___bank_scene_36_actors            scene_36_actors
     0000002D  ___bank_scene_37_actors            scene_37_actors
     0000002D  ___bank_scene_38_actors            scene_38_actors
     0000002D  ___bank_scene_51_actors            scene_51_actors
     0000002D  ___bank_scene_53_actors            scene_53_actors
     0000002D  ___bank_scene_58_actors            scene_58_actors
     0000002D  ___bank_scene_59_actors            scene_59_actors
     0000002D  ___bank_scene_60_actors            scene_60_actors
     0000002D  ___bank_scene_61_actors            scene_61_actors
     0000002D  ___bank_scene_7_init               scene_7_init
     0000002D  ___bank_scene_83_init              scene_83_init
     0000002D  ___bank_scene_8_actors             scene_8_actors
     0000002D  ___bank_scene_9_actors             scene_9_actors
ASxxxx Linker V03.00 + NoICE + sdld,  page 16.
Hexadecimal  [32-Bits]

Area                                    Addr        Size        Decimal Bytes (Attributes)
--------------------------------        ----        ----        ------- ----- ------------
.  .ABS.                            00000000    00000000 =           0. bytes (ABS,CON)

      Value  Global                              Global Defined In Module
      -----  --------------------------------   ------------------------
     0000002D  ___bank_script_13                  script_13
     0000002D  ___bank_sprite_bullet              sprite_bullet
     0000002D  ___bank_sprite_toggle_selection_   sprite_toggle_selection_tile
     0000002D  ___bank_trigger_105_interact       trigger_105_interact
     0000002D  ___bank_trigger_118_interact       trigger_118_interact
     0000002D  ___bank_trigger_119_interact       trigger_119_interact
     0000002D  ___bank_trigger_120_interact       trigger_120_interact
     0000002D  ___bank_trigger_121_interact       trigger_121_interact
     0000002D  ___bank_trigger_122_interact       trigger_122_interact
     0000002D  ___bank_trigger_123_interact       trigger_123_interact
     0000002D  ___bank_trigger_124_interact       trigger_124_interact
     0000002D  ___bank_trigger_127_interact       trigger_127_interact
     0000002D  ___bank_trigger_128_interact       trigger_128_interact
     0000002D  ___bank_trigger_129_interact       trigger_129_interact
     0000002D  ___bank_trigger_132_interact       trigger_132_interact
     0000002D  ___bank_trigger_150_interact       trigger_150_interact
     0000002D  ___bank_trigger_157_interact       trigger_157_interact
     0000002D  ___bank_trigger_163_interact       trigger_163_interact
     0000002D  ___bank_trigger_196_interact       trigger_196_interact
     0000002D  ___bank_trigger_197_interact       trigger_197_interact
     0000002D  ___bank_trigger_54_interact        trigger_54_interact
     0000002D  ___bank_trigger_55_interact        trigger_55_interact
     0000002D  ___bank_trigger_88_interact        trigger_88_interact
     0000002D  b_CGBZeroPalette                   palette
     0000002D  b_SGBTransferPalettes              palette
     0000002D  b_erase_flash                      
     0000002D  b_itoa_fmt                         vm_ui_a
     0000002D  b_music_events_poll                music_manager
     0000002D  b_music_init_driver                music_manager
     0000002D  b_music_init_events                music_manager
     0000002D  b_palette_init                     palette
     0000002D  b_save_sram_banks                  
     0000002D  b_vm_cos_scale                     vm_math
     0000002D  b_vm_music_mute                    vm_music
     0000002D  b_vm_music_play                    vm_music
     0000002D  b_vm_music_routine                 vm_music
     0000002D  b_vm_music_setpos                  vm_music
     0000002D  b_vm_music_stop                    vm_music
     0000002D  b_vm_projectile_launch             vm_projectiles
     0000002D  b_vm_projectile_load_type          vm_projectiles
     0000002D  b_vm_sfx_play                      vm_music
     0000002D  b_vm_sin_scale                     vm_math
     0000002D  b_vm_sound_mastervol               vm_music
     0000002D  l__GSINIT                       
     0000002E  ___bank_VM_SCENE                   vm_scene
     0000002E  ___bank_actor_100_interact         actor_100_interact
     0000002E  ___bank_actor_101_interact         actor_101_interact
     0000002E  ___bank_actor_102_interact         actor_102_interact
     0000002E  ___bank_actor_103_interact         actor_103_interact
     0000002E  ___bank_actor_104_interact         actor_104_interact
     0000002E  ___bank_actor_105_interact         actor_105_interact
ASxxxx Linker V03.00 + NoICE + sdld,  page 17.
Hexadecimal  [32-Bits]

Area                                    Addr        Size        Decimal Bytes (Attributes)
--------------------------------        ----        ----        ------- ----- ------------
.  .ABS.                            00000000    00000000 =           0. bytes (ABS,CON)

      Value  Global                              Global Defined In Module
      -----  --------------------------------   ------------------------
     0000002E  ___bank_actor_106_interact         actor_106_interact
     0000002E  ___bank_actor_107_interact         actor_107_interact
     0000002E  ___bank_actor_108_interact         actor_108_interact
     0000002E  ___bank_actor_109_interact         actor_109_interact
     0000002E  ___bank_actor_110_interact         actor_110_interact
     0000002E  ___bank_actor_133_interact         actor_133_interact
     0000002E  ___bank_actor_134_interact         actor_134_interact
     0000002E  ___bank_actor_135_interact         actor_135_interact
     0000002E  ___bank_actor_136_interact         actor_136_interact
     0000002E  ___bank_actor_137_interact         actor_137_interact
     0000002E  ___bank_actor_138_interact         actor_138_interact
     0000002E  ___bank_actor_139_interact         actor_139_interact
     0000002E  ___bank_actor_13_interact          actor_13_interact
     0000002E  ___bank_actor_140_interact         actor_140_interact
     0000002E  ___bank_actor_171_update           actor_171_update
     0000002E  ___bank_actor_177_interact         actor_177_interact
     0000002E  ___bank_actor_190_interact         actor_190_interact
     0000002E  ___bank_actor_199_interact         actor_199_interact
     0000002E  ___bank_actor_248_interact         actor_248_interact
     0000002E  ___bank_actor_249_interact         actor_249_interact
     0000002E  ___bank_actor_250_interact         actor_250_interact
     0000002E  ___bank_actor_251_interact         actor_251_interact
     0000002E  ___bank_actor_253_interact         actor_253_interact
     0000002E  ___bank_actor_254_interact         actor_254_interact
     0000002E  ___bank_actor_255_interact         actor_255_interact
     0000002E  ___bank_actor_283_interact         actor_283_interact
     0000002E  ___bank_actor_400_update           actor_400_update
     0000002E  ___bank_actor_405_interact         actor_405_interact
     0000002E  ___bank_actor_40_interact          actor_40_interact
     0000002E  ___bank_actor_41_interact          actor_41_interact
     0000002E  ___bank_actor_42_interact          actor_42_interact
     0000002E  ___bank_actor_58_interact          actor_58_interact
     0000002E  ___bank_actor_59_interact          actor_59_interact
     0000002E  ___bank_actor_61_interact          actor_61_interact
     0000002E  ___bank_actor_62_interact          actor_62_interact
     0000002E  ___bank_actor_64_interact          actor_64_interact
     0000002E  ___bank_actor_65_interact          actor_65_interact
     0000002E  ___bank_actor_66_interact          actor_66_interact
     0000002E  ___bank_actor_68_interact          actor_68_interact
     0000002E  ___bank_actor_69_interact          actor_69_interact
     0000002E  ___bank_actor_99_interact          actor_99_interact
     0000002E  ___bank_frame_image                frame_image
     0000002E  ___bank_scene_15_actors            scene_15_actors
     0000002E  ___bank_scene_16_init              scene_16_init
     0000002E  ___bank_scene_18_actors            scene_18_actors
     0000002E  ___bank_scene_20_actors            scene_20_actors
     0000002E  ___bank_scene_24_actors            scene_24_actors
     0000002E  ___bank_scene_27_init              scene_27_init
     0000002E  ___bank_scene_34_actors            scene_34_actors
     0000002E  ___bank_scene_37_init              scene_37_init
     0000002E  ___bank_scene_38_init              scene_38_init
ASxxxx Linker V03.00 + NoICE + sdld,  page 18.
Hexadecimal  [32-Bits]

Area                                    Addr        Size        Decimal Bytes (Attributes)
--------------------------------        ----        ----        ------- ----- ------------
.  .ABS.                            00000000    00000000 =           0. bytes (ABS,CON)

      Value  Global                              Global Defined In Module
      -----  --------------------------------   ------------------------
     0000002E  ___bank_scene_38_triggers          scene_38_triggers
     0000002E  ___bank_scene_39_init              scene_39_init
     0000002E  ___bank_scene_41_init              scene_41_init
     0000002E  ___bank_scene_43_init              scene_43_init
     0000002E  ___bank_scene_45_init              scene_45_init
     0000002E  ___bank_scene_50_actors            scene_50_actors
     0000002E  ___bank_scene_54_actors            scene_54_actors
     0000002E  ___bank_scene_55_init              scene_55_init
     0000002E  ___bank_scene_57_actors            scene_57_actors
     0000002E  ___bank_scene_62_actors            scene_62_actors
     0000002E  ___bank_scene_63_actors            scene_63_actors
     0000002E  ___bank_scene_64_actors            scene_64_actors
     0000002E  ___bank_scene_67_actors            scene_67_actors
     0000002E  ___bank_scene_73_actors            scene_73_actors
     0000002E  ___bank_scene_75_actors            scene_75_actors
     0000002E  ___bank_scene_84_init              scene_84_init
     0000002E  ___bank_scene_8_init               scene_8_init
     0000002E  ___bank_script_9                   script_9
     0000002E  ___bank_script_input_10            script_input_10
     0000002E  ___bank_script_input_11            script_input_11
     0000002E  ___bank_script_input_12            script_input_12
     0000002E  ___bank_script_input_13            script_input_13
     0000002E  ___bank_script_input_14            script_input_14
     0000002E  ___bank_script_input_15            script_input_15
     0000002E  ___bank_script_input_16            script_input_16
     0000002E  ___bank_script_input_8             script_input_8
     0000002E  ___bank_script_input_9             script_input_9
     0000002E  ___bank_script_timer_3             script_timer_3
     0000002E  ___bank_script_timer_4             script_timer_4
     0000002E  ___bank_sprite_bullet_tileset      sprite_bullet_tileset
     0000002E  ___bank_sprite_ember_stationary    sprite_ember_stationary
     0000002E  ___bank_sprite_flare_static_copy   sprite_flare_static_copy_0
     0000002E  ___bank_sprite_garnet_animated     sprite_garnet_animated
     0000002E  ___bank_sprite_number_ui           sprite_number_ui
     0000002E  ___bank_sprite_perlite_animated    sprite_perlite_animated
     0000002E  ___bank_sprite_potion_plant_tile   sprite_potion_plant_tileset
     0000002E  ___bank_sprite_swordattack_tiles   sprite_swordattack_tileset
     0000002E  ___bank_trigger_159_interact       trigger_159_interact
     0000002E  ___bank_trigger_18_interact        trigger_18_interact
     0000002E  ___bank_trigger_19_interact        trigger_19_interact
     0000002E  ___bank_trigger_20_interact        trigger_20_interact
     0000002E  ___bank_trigger_21_interact        trigger_21_interact
     0000002E  ___bank_trigger_22_interact        trigger_22_interact
     0000002E  ___bank_trigger_62_interact        trigger_62_interact
     0000002E  ___bank_trigger_63_interact        trigger_63_interact
     0000002E  ___bank_trigger_64_interact        trigger_64_interact
     0000002E  ___bank_trigger_70_interact        trigger_70_interact
     0000002E  b_events_init                      events
     0000002E  b_restore_sram                     flasher
     0000002E  b_restore_sram_bank                flasher
     0000002E  b_save_sram                        flasher
ASxxxx Linker V03.00 + NoICE + sdld,  page 19.
Hexadecimal  [32-Bits]

Area                                    Addr        Size        Decimal Bytes (Attributes)
--------------------------------        ----        ----        ------- ----- ------------
.  .ABS.                            00000000    00000000 =           0. bytes (ABS,CON)

      Value  Global                              Global Defined In Module
      -----  --------------------------------   ------------------------
     0000002E  b_timers_init                      events
     0000002E  b_vm_scene_pop                     vm_scene
     0000002E  b_vm_scene_pop_all                 vm_scene
     0000002E  b_vm_scene_push                    vm_scene
     0000002E  b_vm_scene_stack_reset             vm_scene
     0000002F  ___bank_actor_0_update             actor_0_update
     0000002F  ___bank_actor_10_update            actor_10_update
     0000002F  ___bank_actor_113_interact         actor_113_interact
     0000002F  ___bank_actor_116_update           actor_116_update
     0000002F  ___bank_actor_119_update           actor_119_update
     0000002F  ___bank_actor_11_update            actor_11_update
     0000002F  ___bank_actor_120_update           actor_120_update
     0000002F  ___bank_actor_123_update           actor_123_update
     0000002F  ___bank_actor_144_update           actor_144_update
     0000002F  ___bank_actor_147_update           actor_147_update
     0000002F  ___bank_actor_148_update           actor_148_update
     0000002F  ___bank_actor_14_update            actor_14_update
     0000002F  ___bank_actor_151_update           actor_151_update
     0000002F  ___bank_actor_16_update            actor_16_update
     0000002F  ___bank_actor_171_interact         actor_171_interact
     0000002F  ___bank_actor_173_update           actor_173_update
     0000002F  ___bank_actor_176_update           actor_176_update
     0000002F  ___bank_actor_178_interact         actor_178_interact
     0000002F  ___bank_actor_18_update            actor_18_update
     0000002F  ___bank_actor_194_update           actor_194_update
     0000002F  ___bank_actor_197_update           actor_197_update
     0000002F  ___bank_actor_1_update             actor_1_update
     0000002F  ___bank_actor_200_interact         actor_200_interact
     0000002F  ___bank_actor_201_interact         actor_201_interact
     0000002F  ___bank_actor_202_interact         actor_202_interact
     0000002F  ___bank_actor_203_interact         actor_203_interact
     0000002F  ___bank_actor_206_update           actor_206_update
     0000002F  ___bank_actor_209_update           actor_209_update
     0000002F  ___bank_actor_210_update           actor_210_update
     0000002F  ___bank_actor_213_update           actor_213_update
     0000002F  ___bank_actor_214_update           actor_214_update
     0000002F  ___bank_actor_217_update           actor_217_update
     0000002F  ___bank_actor_218_update           actor_218_update
     0000002F  ___bank_actor_21_update            actor_21_update
     0000002F  ___bank_actor_221_update           actor_221_update
     0000002F  ___bank_actor_223_update           actor_223_update
     0000002F  ___bank_actor_226_update           actor_226_update
     0000002F  ___bank_actor_227_interact         actor_227_interact
     0000002F  ___bank_actor_228_interact         actor_228_interact
     0000002F  ___bank_actor_229_interact         actor_229_interact
     0000002F  ___bank_actor_22_update            actor_22_update
     0000002F  ___bank_actor_230_interact         actor_230_interact
     0000002F  ___bank_actor_231_interact         actor_231_interact
     0000002F  ___bank_actor_232_interact         actor_232_interact
     0000002F  ___bank_actor_233_update           actor_233_update
     0000002F  ___bank_actor_236_update           actor_236_update
ASxxxx Linker V03.00 + NoICE + sdld,  page 20.
Hexadecimal  [32-Bits]

Area                                    Addr        Size        Decimal Bytes (Attributes)
--------------------------------        ----        ----        ------- ----- ------------
.  .ABS.                            00000000    00000000 =           0. bytes (ABS,CON)

      Value  Global                              Global Defined In Module
      -----  --------------------------------   ------------------------
     0000002F  ___bank_actor_237_update           actor_237_update
     0000002F  ___bank_actor_23_update            actor_23_update
     0000002F  ___bank_actor_240_update           actor_240_update
     0000002F  ___bank_actor_244_interact         actor_244_interact
     0000002F  ___bank_actor_245_interact         actor_245_interact
     0000002F  ___bank_actor_246_interact         actor_246_interact
     0000002F  ___bank_actor_247_interact         actor_247_interact
     0000002F  ___bank_actor_266_update           actor_266_update
     0000002F  ___bank_actor_269_update           actor_269_update
     0000002F  ___bank_actor_26_update            actor_26_update
     0000002F  ___bank_actor_270_update           actor_270_update
     0000002F  ___bank_actor_273_update           actor_273_update
     0000002F  ___bank_actor_274_update           actor_274_update
     0000002F  ___bank_actor_275_update           actor_275_update
     0000002F  ___bank_actor_280_update           actor_280_update
     0000002F  ___bank_actor_281_update           actor_281_update
     0000002F  ___bank_actor_282_interact         actor_282_interact
     0000002F  ___bank_actor_284_interact         actor_284_interact
     0000002F  ___bank_actor_285_update           actor_285_update
     0000002F  ___bank_actor_288_update           actor_288_update
     0000002F  ___bank_actor_289_interact         actor_289_interact
     0000002F  ___bank_actor_290_interact         actor_290_interact
     0000002F  ___bank_actor_297_update           actor_297_update
     0000002F  ___bank_actor_29_update            actor_29_update
     0000002F  ___bank_actor_300_update           actor_300_update
     0000002F  ___bank_actor_30_interact          actor_30_interact
     0000002F  ___bank_actor_32_interact          actor_32_interact
     0000002F  ___bank_actor_330_update           actor_330_update
     0000002F  ___bank_actor_333_update           actor_333_update
     0000002F  ___bank_actor_334_update           actor_334_update
     0000002F  ___bank_actor_337_update           actor_337_update
     0000002F  ___bank_actor_338_update           actor_338_update
     0000002F  ___bank_actor_33_interact          actor_33_interact
     0000002F  ___bank_actor_341_update           actor_341_update
     0000002F  ___bank_actor_346_update           actor_346_update
     0000002F  ___bank_actor_349_update           actor_349_update
     0000002F  ___bank_actor_34_interact          actor_34_interact
     0000002F  ___bank_actor_352_update           actor_352_update
     0000002F  ___bank_actor_357_update           actor_357_update
     0000002F  ___bank_actor_359_update           actor_359_update
     0000002F  ___bank_actor_35_interact          actor_35_interact
     0000002F  ___bank_actor_362_update           actor_362_update
     0000002F  ___bank_actor_363_update           actor_363_update
     0000002F  ___bank_actor_366_update           actor_366_update
     0000002F  ___bank_actor_368_update           actor_368_update
     0000002F  ___bank_actor_36_interact          actor_36_interact
     0000002F  ___bank_actor_371_update           actor_371_update
     0000002F  ___bank_actor_372_update           actor_372_update
     0000002F  ___bank_actor_375_update           actor_375_update
     0000002F  ___bank_actor_376_update           actor_376_update
     0000002F  ___bank_actor_377_update           actor_377_update
ASxxxx Linker V03.00 + NoICE + sdld,  page 21.
Hexadecimal  [32-Bits]

Area                                    Addr        Size        Decimal Bytes (Attributes)
--------------------------------        ----        ----        ------- ----- ------------
.  .ABS.                            00000000    00000000 =           0. bytes (ABS,CON)

      Value  Global                              Global Defined In Module
      -----  --------------------------------   ------------------------
     0000002F  ___bank_actor_37_interact          actor_37_interact
     0000002F  ___bank_actor_382_update           actor_382_update
     0000002F  ___bank_actor_383_update           actor_383_update
     0000002F  ___bank_actor_384_update           actor_384_update
     0000002F  ___bank_actor_387_update           actor_387_update
     0000002F  ___bank_actor_388_update           actor_388_update
     0000002F  ___bank_actor_38_interact          actor_38_interact
     0000002F  ___bank_actor_391_update           actor_391_update
     0000002F  ___bank_actor_39_update            actor_39_update
     0000002F  ___bank_actor_404_interact         actor_404_interact
     0000002F  ___bank_actor_406_update           actor_406_update
     0000002F  ___bank_actor_409_update           actor_409_update
     0000002F  ___bank_actor_43_interact          actor_43_interact
     0000002F  ___bank_actor_44_interact          actor_44_interact
     0000002F  ___bank_actor_45_interact          actor_45_interact
     0000002F  ___bank_actor_46_update            actor_46_update
     0000002F  ___bank_actor_49_update            actor_49_update
     0000002F  ___bank_actor_52_update            actor_52_update
     0000002F  ___bank_actor_54_update            actor_54_update
     0000002F  ___bank_actor_57_update            actor_57_update
     0000002F  ___bank_actor_63_interact          actor_63_interact
     0000002F  ___bank_actor_67_interact          actor_67_interact
     0000002F  ___bank_actor_71_interact          actor_71_interact
     0000002F  ___bank_actor_72_interact          actor_72_interact
     0000002F  ___bank_actor_73_interact          actor_73_interact
     0000002F  ___bank_actor_74_interact          actor_74_interact
     0000002F  ___bank_actor_75_interact          actor_75_interact
     0000002F  ___bank_actor_83_update            actor_83_update
     0000002F  ___bank_actor_86_update            actor_86_update
     0000002F  ___bank_actor_90_update            actor_90_update
     0000002F  ___bank_actor_91_update            actor_91_update
     0000002F  ___bank_actor_94_update            actor_94_update
     0000002F  ___bank_actor_95_update            actor_95_update
     0000002F  ___bank_actor_98_update            actor_98_update
     0000002F  ___bank_emote_anger                emote_anger
     0000002F  ___bank_scene_11_init              scene_11_init
     0000002F  ___bank_scene_13_init              scene_13_init
     0000002F  ___bank_scene_37_triggers          scene_37_triggers
[...]
                                          [ trigger_2_interact ]
C:/Users/steve/AppData/Local/Temp/_gbsbuild/obj/trigger_20_interact.rel
                                          [ trigger_20_interact ]
C:/Users/steve/AppData/Local/Temp/_gbsbuild/obj/trigger_200_interact.rel
                                          [ trigger_200_interact ]
C:/Users/steve/AppData/Local/Temp/_gbsbuild/obj/trigger_201_interact.rel
                                          [ trigger_201_interact ]
C:/Users/steve/AppData/Local/Temp/_gbsbuild/obj/trigger_202_interact.rel
                                          [ trigger_202_interact ]
C:/Users/steve/AppData/Local/Temp/_gbsbuild/obj/trigger_203_interact.rel
                                          [ trigger_203_interact ]
C:/Users/steve/AppData/Local/Temp/_gbsbuild/obj/trigger_204_interact.rel
                                          [ trigger_204_interact ]
C:/Users/steve/AppData/Local/Temp/_gbsbuild/obj/trigger_205_interact.rel
                                          [ trigger_205_interact ]
C:/Users/steve/AppData/Local/Temp/_gbsbuild/obj/trigger_206_interact.rel
                                          [ trigger_206_interact ]
C:/Users/steve/AppData/Local/Temp/_gbsbuild/obj/trigger_207_interact.rel
                                          [ trigger_207_interact ]
C:/Users/steve/AppData/Local/Temp/_gbsbuild/obj/trigger_208_interact.rel
                                          [ trigger_208_interact ]
C:/Users/steve/AppData/Local/Temp/_gbsbuild/obj/trigger_209_interact.rel
                                          [ trigger_209_interact ]
C:/Users/steve/AppData/Local/Temp/_gbsbuild/obj/trigger_21_interact.rel
                                          [ trigger_21_interact ]
C:/Users/steve/AppData/Local/Temp/_gbsbuild/obj/trigger_210_interact.rel
                                          [ trigger_210_interact ]
C:/Users/steve/AppData/Local/Temp/_gbsbuild/obj/trigger_211_interact.rel
                                          [ trigger_211_interact ]
C:/Users/steve/AppData/Local/Temp/_gbsbuild/obj/trigger_212_interact.rel
                                          [ trigger_212_interact ]
C:/Users/steve/AppData/Local/Temp/_gbsbuild/obj/trigger_22_interact.rel
                                          [ trigger_22_interact ]
C:/Users/steve/AppData/Local/Temp/_gbsbuild/obj/trigger_222_interact.rel
                                          [ trigger_222_interact ]
C:/Users/steve/AppData/Local/Temp/_gbsbuild/obj/trigger_223_interact.rel
                                          [ trigger_223_interact ]
C:/Users/steve/AppData/Local/Temp/_gbsbuild/obj/trigger_224_interact.rel
                                          [ trigger_224_interact ]
C:/Users/steve/AppData/Local/Temp/_gbsbuild/obj/trigger_225_interact.rel
                                          [ trigger_225_interact ]
C:/Users/steve/AppData/Local/Temp/_gbsbuild/obj/trigger_226_interact.rel
                                          [ trigger_226_interact ]
C:/Users/steve/AppData/Local/Temp/_gbsbuild/obj/trigger_227_interact.rel
                                          [ trigger_227_interact ]
C:/Users/steve/AppData/Local/Temp/_gbsbuild/obj/trigger_228_interact.rel
                                          [ trigger_228_interact ]
C:/Users/steve/AppData/Local/Temp/_gbsbuild/obj/trigger_229_interact.rel
                                          [ trigger_229_interact ]
C:/Users/steve/AppData/Local/Temp/_gbsbuild/obj/trigger_23_interact.rel
                                          [ trigger_23_interact ]
C:/Users/steve/AppData/Local/Temp/_gbsbuild/obj/trigger_24_interact.rel
                                          [ trigger_24_interact ]
C:/Users/steve/AppData/Local/Temp/_gbsbuild/obj/trigger_25_interact.rel
                                          [ trigger_25_interact ]
C:/Users/steve/AppData/Local/Temp/_gbsbuild/obj/trigger_26_interact.rel
                                          [ trigger_26_interact ]
C:/Users/steve/AppData/Local/Temp/_gbsbuild/obj/trigger_27_interact.rel
                                          [ trigger_27_interact ]
C:/Users/steve/AppData/Local/Temp/_gbsbuild/obj/trigger_28_interact.rel
                                          [ trigger_28_interact ]
C:/Users/steve/AppData/Local/Temp/_gbsbuild/obj/trigger_29_interact.rel
                                          [ trigger_29_interact ]
C:/Users/steve/AppData/Local/Temp/_gbsbuild/obj/trigger_3_interact.rel
                                          [ trigger_3_interact ]
C:/Users/steve/AppData/Local/Temp/_gbsbuild/obj/trigger_30_interact.rel
                                          [ trigger_30_interact ]
C:/Users/steve/AppData/Local/Temp/_gbsbuild/obj/trigger_31_interact.rel
                                          [ trigger_31_interact ]
C:/Users/steve/AppData/Local/Temp/_gbsbuild/obj/trigger_32_interact.rel
                                          [ trigger_32_interact ]
C:/Users/steve/AppData/Local/Temp/_gbsbuild/obj/trigger_33_interact.rel
                                          [ trigger_33_interact ]
C:/Users/steve/AppData/Local/Temp/_gbsbuild/obj/trigger_34_interact.rel
                                          [ trigger_34_interact ]
C:/Users/steve/AppData/Local/Temp/_gbsbuild/obj/trigger_35_interact.rel
                                          [ trigger_35_interact ]
C:/Users/steve/AppData/Local/Temp/_gbsbuild/obj/trigger_36_interact.rel
                                          [ trigger_36_interact ]
C:/Users/steve/AppData/Local/Temp/_gbsbuild/obj/trigger_37_interact.rel
                                          [ trigger_37_interact ]
C:/Users/steve/AppData/Local/Temp/_gbsbuild/obj/trigger_38_interact.rel
                                          [ trigger_38_interact ]
C:/Users/steve/AppData/Local/Temp/_gbsbuild/obj/trigger_39_interact.rel
                                          [ trigger_39_interact ]
C:/Users/steve/AppData/Local/Temp/_gbsbuild/obj/trigger_4_interact.rel
                                          [ trigger_4_interact ]
C:/Users/steve/AppData/Local/Temp/_gbsbuild/obj/trigger_40_interact.rel
                                          [ trigger_40_interact ]
C:/Users/steve/AppData/Local/Temp/_gbsbuild/obj/trigger_41_interact.rel
                                          [ trigger_41_interact ]
C:/Users/steve/AppData/Local/Temp/_gbsbuild/obj/trigger_42_interact.rel
                                          [ trigger_42_interact ]
C:/Users/steve/AppData/Local/Temp/_gbsbuild/obj/trigger_43_interact.rel
                                          [ trigger_43_interact ]
C:/Users/steve/AppData/Local/Temp/_gbsbuild/obj/trigger_44_interact.rel
                                          [ trigger_44_interact ]
C:/Users/steve/AppData/Local/Temp/_gbsbuild/obj/trigger_45_interact.rel
                                          [ trigger_45_interact ]
C:/Users/steve/AppData/Local/Temp/_gbsbuild/obj/trigger_46_interact.rel
                                          [ trigger_46_interact ]
C:/Users/steve/AppData/Local/Temp/_gbsbuild/obj/trigger_47_interact.rel
                                          [ trigger_47_interact ]
C:/Users/steve/AppData/Local/Temp/_gbsbuild/obj/trigger_48_interact.rel
                                          [ trigger_48_interact ]
C:/Users/steve/AppData/Local/Temp/_gbsbuild/obj/trigger_49_interact.rel
                                          [ trigger_49_interact ]
C:/Users/steve/AppData/Local/Temp/_gbsbuild/obj/trigger_5_interact.rel
                                          [ trigger_5_interact ]
C:/Users/steve/AppData/Local/Temp/_gbsbuild/obj/trigger_50_interact.rel
                                          [ trigger_50_interact ]
C:/Users/steve/AppData/Local/Temp/_gbsbuild/obj/trigger_51_interact.rel
                                          [ trigger_51_interact ]
C:/Users/steve/AppData/Local/Temp/_gbsbuild/obj/trigger_52_interact.rel
                                          [ trigger_52_interact ]
C:/Users/steve/AppData/Local/Temp/_gbsbuild/obj/trigger_53_interact.rel
                                          [ trigger_53_interact ]
C:/Users/steve/AppData/Local/Temp/_gbsbuild/obj/trigger_54_interact.rel
                                          [ trigger_54_interact ]
C:/Users/steve/AppData/Local/Temp/_gbsbuild/obj/trigger_55_interact.rel
                                          [ trigger_55_interact ]
C:/Users/steve/AppData/Local/Temp/_gbsbuild/obj/trigger_56_interact.rel
                                          [ trigger_56_interact ]
C:/Users/steve/AppData/Local/Temp/_gbsbuild/obj/trigger_57_interact.rel
                                          [ trigger_57_interact ]
C:/Users/steve/AppData/Local/Temp/_gbsbuild/obj/trigger_58_interact.rel
                                          [ trigger_58_interact ]
C:/Users/steve/AppData/Local/Temp/_gbsbuild/obj/trigger_59_interact.rel
                                          [ trigger_59_interact ]
C:/Users/steve/AppData/Local/Temp/_gbsbuild/obj/trigger_6_interact.rel
                                          [ trigger_6_interact ]
C:/Users/steve/AppData/Local/Temp/_gbsbuild/obj/trigger_60_interact.rel
                                          [ trigger_60_interact ]
C:/Users/steve/AppData/Local/Temp/_gbsbuild/obj/trigger_61_interact.rel
                                          [ trigger_61_interact ]
C:/Users/steve/AppData/Local/Temp/_gbsbuild/obj/trigger_62_interact.rel
                                          [ trigger_62_interact ]
C:/Users/steve/AppData/Local/Temp/_gbsbuild/obj/trigger_63_interact.rel
                                          [ trigger_63_interact ]
C:/Users/steve/AppData/Local/Temp/_gbsbuild/obj/trigger_64_interact.rel
                                          [ trigger_64_interact ]
C:/Users/steve/AppData/Local/Temp/_gbsbuild/obj/trigger_65_interact.rel
                                          [ trigger_65_interact ]
C:/Users/steve/AppData/Local/Temp/_gbsbuild/obj/trigger_66_interact.rel
                                          [ trigger_66_interact ]
C:/Users/steve/AppData/Local/Temp/_gbsbuild/obj/trigger_67_interact.rel
                                          [ trigger_67_interact ]
C:/Users/steve/AppData/Local/Temp/_gbsbuild/obj/trigger_68_interact.rel
                                          [ trigger_68_interact ]
C:/Users/steve/AppData/Local/Temp/_gbsbuild/obj/trigger_69_interact.rel
                                          [ trigger_69_interact ]
C:/Users/steve/AppData/Local/Temp/_gbsbuild/obj/trigger_7_interact.rel
                                          [ trigger_7_interact ]
C:/Users/steve/AppData/Local/Temp/_gbsbuild/obj/trigger_70_interact.rel
                                          [ trigger_70_interact ]
C:/Users/steve/AppData/Local/Temp/_gbsbuild/obj/trigger_71_interact.rel
                                          [ trigger_71_interact ]
C:/Users/steve/AppData/Local/Temp/_gbsbuild/obj/trigger_72_interact.rel
                                          [ trigger_72_interact ]
C:/Users/steve/AppData/Local/Temp/_gbsbuild/obj/trigger_73_interact.rel
                                          [ trigger_73_interact ]
C:/Users/steve/AppData/Local/Temp/_gbsbuild/obj/trigger_74_interact.rel
                                          [ trigger_74_interact ]
C:/Users/steve/AppData/Local/Temp/_gbsbuild/obj/trigger_75_interact.rel
                                          [ trigger_75_interact ]
C:/Users/steve/AppData/Local/Temp/_gbsbuild/obj/trigger_76_interact.rel
                                          [ trigger_76_interact ]
C:/Users/steve/AppData/Local/Temp/_gbsbuild/obj/trigger_77_interact.rel
                                          [ trigger_77_interact ]
C:/Users/steve/AppData/Local/Temp/_gbsbuild/obj/trigger_78_interact.rel
                                          [ trigger_78_interact ]
C:/Users/steve/AppData/Local/Temp/_gbsbuild/obj/trigger_79_interact.rel
                                          [ trigger_79_interact ]
C:/Users/steve/AppData/Local/Temp/_gbsbuild/obj/trigger_8_interact.rel
                                          [ trigger_8_interact ]
C:/Users/steve/AppData/Local/Temp/_gbsbuild/obj/trigger_80_interact.rel
                                          [ trigger_80_interact ]
C:/Users/steve/AppData/Local/Temp/_gbsbuild/obj/trigger_81_interact.rel
                                          [ trigger_81_interact ]
C:/Users/steve/AppData/Local/Temp/_gbsbuild/obj/trigger_82_interact.rel
                                          [ trigger_82_interact ]
C:/Users/steve/AppData/Local/Temp/_gbsbuild/obj/trigger_83_interact.rel
                                          [ trigger_83_interact ]
C:/Users/steve/AppData/Local/Temp/_gbsbuild/obj/trigger_84_interact.rel
                                          [ trigger_84_interact ]
C:/Users/steve/AppData/Local/Temp/_gbsbuild/obj/trigger_85_interact.rel
                                          [ trigger_85_interact ]
C:/Users/steve/AppData/Local/Temp/_gbsbuild/obj/trigger_86_interact.rel
                                          [ trigger_86_interact ]
C:/Users/steve/AppData/Local/Temp/_gbsbuild/obj/trigger_87_interact.rel
                                          [ trigger_87_interact ]
C:/Users/steve/AppData/Local/Temp/_gbsbuild/obj/trigger_88_interact.rel
                                          [ trigger_88_interact ]
C:/Users/steve/AppData/Local/Temp/_gbsbuild/obj/trigger_89_interact.rel
                                          [ trigger_89_interact ]
C:/Users/steve/AppData/Local/Temp/_gbsbuild/obj/trigger_9_interact.rel
                                          [ trigger_9_interact ]
C:/Users/steve/AppData/Local/Temp/_gbsbuild/obj/trigger_90_interact.rel
                                          [ trigger_90_interact ]
C:/Users/steve/AppData/Local/Temp/_gbsbuild/obj/trigger_91_interact.rel
                                          [ trigger_91_interact ]
C:/Users/steve/AppData/Local/Temp/_gbsbuild/obj/trigger_92_interact.rel
                                          [ trigger_92_interact ]
C:/Users/steve/AppData/Local/Temp/_gbsbuild/obj/trigger_93_interact.rel
                                          [ trigger_93_interact ]
C:/Users/steve/AppData/Local/Temp/_gbsbuild/obj/trigger_94_interact.rel
                                          [ trigger_94_interact ]
C:/Users/steve/AppData/Local/Temp/_gbsbuild/obj/trigger_95_interact.rel
                                          [ trigger_95_interact ]
C:/Users/steve/AppData/Local/Temp/_gbsbuild/obj/trigger_96_interact.rel
                                          [ trigger_96_interact ]
C:/Users/steve/AppData/Local/Temp/_gbsbuild/obj/trigger_97_interact.rel
                                          [ trigger_97_interact ]
C:/Users/steve/AppData/Local/Temp/_gbsbuild/obj/trigger_98_interact.rel
                                          [ trigger_98_interact ]
C:/Users/steve/AppData/Local/Temp/_gbsbuild/obj/trigger_99_interact.rel
                                          [ trigger_99_interact ]
C:/Users/steve/AppData/Local/Temp/_gbsbuild/obj/main.rel
                                          [ main ]
C:/Users/steve/AppData/Local/Temp/_gbsbuild/obj/adventure.rel
                                          [ adventure ]
C:/Users/steve/AppData/Local/Temp/_gbsbuild/obj/logo.rel
                                          [ logo ]
C:/Users/steve/AppData/Local/Temp/_gbsbuild/obj/platform.rel
                                          [ platform ]
C:/Users/steve/AppData/Local/Temp/_gbsbuild/obj/pointnclick.rel
                                          [ pointnclick ]
C:/Users/steve/AppData/Local/Temp/_gbsbuild/obj/shmup.rel
                                          [ shmup ]
C:/Users/steve/AppData/Local/Temp/_gbsbuild/obj/states_ptrs.rel
                                          [  ]
C:/Users/steve/AppData/Local/Temp/_gbsbuild/obj/topdown.rel
                                          [ topdown ]


Libraries Linked                          [ object file ]

C:\Users\steve\AppData\Local\Temp/_gbstools/gbdk/lib/small/asxxxx/gb/gb.lib
                                          [ fill_rect_wi.o ]
C:\Users\steve\AppData\Local\Temp/_gbstools/gbdk/lib/small/asxxxx/gbz80/gbz80.lib
                                          [ rand.o ]
C:\Users\steve\AppData\Local\Temp/_gbstools/gbdk/lib/small/asxxxx/gb/gb.lib
                                          [ sfr.o ]
C:\Users\steve\AppData\Local\Temp/_gbstools/gbdk/lib/small/asxxxx/gb/gb.lib
                                          [ get_data.o ]
C:\Users\steve\AppData\Local\Temp/_gbstools/gbdk/lib/small/asxxxx/gb/gb.lib
                                          [ get_tile.o ]
C:\Users\steve\AppData\Local\Temp/_gbstools/gbdk/lib/small/asxxxx/gb/gb.lib
                                          [ cgb_palettes.o ]
lib/gbt_player.lib                        [ gbt_player.o ]
C:\Users\steve\AppData\Local\Temp/_gbstools/gbdk/lib/small/asxxxx/gb/gb.lib
                                          [ metasprites_hide_spr.o ]
C:\Users\steve\AppData\Local\Temp/_gbstools/gbdk/lib/small/asxxxx/gbz80/gbz80.lib
                                          [ mul.o ]
C:\Users\steve\AppData\Local\Temp/_gbstools/gbdk/lib/small/asxxxx/gbz80/gbz80.lib
                                          [ abs.o ]
C:\Users\steve\AppData\Local\Temp/_gbstools/gbdk/lib/small/asxxxx/gb/gb.lib
                                          [ set_wi_t.o ]
C:\Users\steve\AppData\Local\Temp/_gbstools/gbdk/lib/small/asxxxx/gb/gb.lib
                                          [ set_data.o ]
C:\Users\steve\AppData\Local\Temp/_gbstools/gbdk/lib/small/asxxxx/gbz80/gbz80.lib
                                          [ reverse.o ]
C:\Users\steve\AppData\Local\Temp/_gbstools/gbdk/lib/small/asxxxx/gb/gb.lib
                                          [ far_ptr.o ]
C:\Users\steve\AppData\Local\Temp/_gbstools/gbdk/lib/small/asxxxx/gb/gb.lib
                                          [ sgb.o ]
C:\Users\steve\AppData\Local\Temp/_gbstools/gbdk/lib/small/asxxxx/gb/gb.lib
                                          [ lcd.o ]
C:\Users\steve\AppData\Local\Temp/_gbstools/gbdk/lib/small/asxxxx/gb/gb.lib
                                          [ fill_rect.o ]
C:\Users\steve\AppData\Local\Temp/_gbstools/gbdk/lib/small/asxxxx/gb/gb.lib
                                          [ pad_ex.o ]
C:\Users\steve\AppData\Local\Temp/_gbstools/gbdk/lib/small/asxxxx/gb/gb.lib
                                          [ cpy_data.o ]
C:\Users\steve\AppData\Local\Temp/_gbstools/gbdk/lib/small/asxxxx/gb/gb.lib
                                          [ fill_rect_bk.o ]
C:\Users\steve\AppData\Local\Temp/_gbstools/gbdk/lib/small/asxxxx/gb/gb.lib
                                          [ metasprites.o ]
C:\Users\steve\AppData\Local\Temp/_gbstools/gbdk/lib/small/asxxxx/gbz80/gbz80.lib
                                          [ __sdcc_call_hl.o ]
C:\Users\steve\AppData\Local\Temp/_gbstools/gbdk/lib/small/asxxxx/gbz80/gbz80.lib
                                          [ _memcpy.o ]
C:\Users\steve\AppData\Local\Temp/_gbstools/gbdk/lib/small/asxxxx/gbz80/gbz80.lib
                                          [ _memset.o ]
C:\Users\steve\AppData\Local\Temp/_gbstools/gbdk/lib/small/asxxxx/gb/gb.lib
                                          [ set_xy_t.o ]
C:\Users\steve\AppData\Local\Temp/_gbstools/gbdk/lib/small/asxxxx/gb/gb.lib
                                          [ cgb.o ]
C:\Users\steve\AppData\Local\Temp/_gbstools/gbdk/lib/small/asxxxx/gbz80/gbz80.lib
                                          [ div.o ]
C:\Users\steve\AppData\Local\Temp/_gbstools/gbdk/lib/small/asxxxx/gb/gb.lib
                                          [ set_bk_t.o ]
lib/gbt_player.lib                        [ gbt_player_bank1.o ]

ASxxxx Linker V03.00 + NoICE + sdld,  page 171.

User Base Address Definitions

_DATA=0xC0A0
_CODE=0x0200
ASxxxx Linker V03.00 + NoICE + sdld,  page 172.

User Global Definitions

.STACK=0xDF00
_shadow_OAM=0xC000
.refresh_OAM=0xFF80
__start_save=60

